INHERITED adaptive 71; restart 88; odd 51; even 41; transition 38; all-core 40; direction 31; coordinate 28; shell 43; A-gauge 9; universal 349 PASS
PASS 111 exact byte SHA256 and Git-blob input bindings match
PASS band stays below one and the next prime-power threshold
PASS pure shell prime self-correlations vanish
PASS fixed near band contains the entire q5 input
PASS three far prime input intervals stay outside near band
PASS three far prime input intervals stay pairwise disjoint
PASS complete core-profile norm below 3.475
near_far_main_coupling ['3.466789838155869225031521', '3.466789838155869225031522']
complete_core_profile_coupling ['3.474037318885485652820593', '3.474037318885485652820594']
PASS exact kernel at twice B is below one half
PASS sharp pure-shell Gamma constant below 4.831
PASS both corrected profile floors exceed two L minus five
PASS profile loss and remainder envelopes increase throughout band
PASS full coordinate norm factors one half and six valid
PASS Gamma polynomial model covers entire band
PASS corrector weight variation and model error budgets valid
PASS pointwise remainder includes all linear and logarithmic errors
PASS band is two hundred times previous outer width
PASS two equal non-halving steps fill the finite band
PASS every previously reached new endpoint admits a step of five e minus eleven
width ['0.000000000100000000000000', '0.000000000100000000000000']
old_outer_width ['0.000000000000500000000000', '0.000000000000500000000000']
sharp_Gamma_constant ['4.830185462621756688334343', '4.830185462621756688334344']
kernel_at_twice_B ['0.465847495312456186751911', '0.465847495312456186751912']
profile_floor_at_outer_endpoint ['42.437996221000804299194293', '42.437996221000804299194294']
tail_profile_norm_cap ['3.480000000000000000000000', '3.480000000000000000000000']
comparison_payment ['42.000000000000000000000000', '42.000000000000000000000000']
hard_block_payment ['40.000000000000000000000000', '40.000000000000000000000000']
PASS endpoint range for uniform Gamma model
PASS active prime powers 2,3,4 with von Mangoldt weights
PASS positive decreasing regular Gamma floor
endpoint_a ['0.804718956217050187300379', '0.804718956217050187300380']
q0 ['-2.197830546078043655772457', '-2.197830546078043655772456']
uniform_Gamma_error ['0.000000000000000000229770', '0.000000000000000000229771']
joint_shift_operator_norm_upper ['1.674004871437481941312235', '1.674004871437481941312236']
PASS kernel and shift norms used for moment reconstruction
PASS low basis Qnorm ingredient 0
PASS even exact 31-dimensional low space and full tail
PASS global moment norm below square root two
PASS moment-corrected full high-tail coupling below 41 over 10
PASS tail physical coercivity above 0.719 with exact norm correction
even_beta ['0.006732787914843592696178', '0.006732787914843592696179']
even_moment_tail_operator_error ['0.000000000000000000000000', '0.000000000000000000000001']
even_Gamma_form_error ['0.000000000000000000739601', '0.000000000000000000739602']
even_infinite_moment_form_error ['0.000000000000000000000000', '0.000000000000000000000001']
even_total_form_error ['0.000000000000000000739601', '0.000000000000000000739602']
even_original_tail_floor ['0.719448628450052179181039', '0.719448628450052179181040']
even_physical_tail_floor_lower ['0.719448628450052179181039', '0.719448628450052179181040']
PASS even canonical original_tail_floor reproduced exactly
PASS even canonical total_form_error reproduced exactly
PASS even full high-profile norm including exact moment tail below 87 over 25
PASS even exact low moment ratios bounded by two
PASS even low derivative bound below 100000
PASS even regular Gamma model derivative below ten
PASS exact 0 corrector normalization positive
even_log_vector_2 ['-0.779869634321444925106599', '-0.779869634321444925106598']
even_constant_vector_2 ['1.791015501059409774211369', '1.791015501059409774211370']
even_model_corrector_functional_2 ['-0.004994957514610923906067', '-0.004994957514610923906066']
even_log_vector_4 ['-0.788226575809821271410607', '-0.788226575809821271410606']
even_constant_vector_4 ['2.178226001024588489297978', '2.178226001024588489297979']
even_model_corrector_functional_4 ['-0.003035424943342185085732', '-0.003035424943342185085731']
even_log_vector_6 ['-0.788247991668008476362834', '-0.788247991668008476362833']
even_constant_vector_6 ['2.736889088093689914441261', '2.736889088093689914441262']
even_model_corrector_functional_6 ['0.001865841007314542782315', '0.001865841007314542782316']
even_log_vector_8 ['-0.788248015877866215296519', '-0.788248015877866215296518']
even_constant_vector_8 ['3.199394862881414272293815', '3.199394862881414272293816']
even_model_corrector_functional_8 ['0.004842046909338388554853', '0.004842046909338388554854']
even_log_vector_10 ['-0.788248015893222525526425', '-0.788248015893222525526424']
even_constant_vector_10 ['3.230911656544836923540688', '3.230911656544836923540689']
even_model_corrector_functional_10 ['-0.003309423969347606845740', '-0.003309423969347606845739']
even_log_vector_12 ['-0.788248015893228752466993', '-0.788248015893228752466992']
even_constant_vector_12 ['3.909441781941423812714500', '3.909441781941423812714501']
even_model_corrector_functional_12 ['0.000778615561792289790462', '0.000778615561792289790463']
even_log_vector_14 ['-0.788248015893228754219426', '-0.788248015893228754219425']
even_constant_vector_14 ['4.159463816904332329683983', '4.159463816904332329683984']
even_model_corrector_functional_14 ['-0.004926072859699647627150', '-0.004926072859699647627149']
even_log_vector_16 ['-0.788248015893228754219789', '-0.788248015893228754219788']
even_constant_vector_16 ['3.997079632033616082894279', '3.997079632033616082894280']
even_model_corrector_functional_16 ['0.003765655498046746527934', '0.003765655498046746527935']
even_log_vector_18 ['-0.788248015893228754219789', '-0.788248015893228754219788']
even_constant_vector_18 ['4.321713170820165418421899', '4.321713170820165418421900']
even_model_corrector_functional_18 ['-0.001541613950555009618757', '-0.001541613950555009618756']
even_log_vector_20 ['-0.788248015893228754219789', '-0.788248015893228754219788']
even_constant_vector_20 ['4.708478051350902966932386', '4.708478051350902966932387']
even_model_corrector_functional_20 ['0.001465202385191848907033', '0.001465202385191848907034']
even_log_vector_22 ['-0.788248015893228754219789', '-0.788248015893228754219788']
even_constant_vector_22 ['4.548412026734293565319371', '4.548412026734293565319372']
even_model_corrector_functional_22 ['-0.001046740677491405801812', '-0.001046740677491405801811']
even_log_vector_24 ['-0.788248015893228754219789', '-0.788248015893228754219788']
even_constant_vector_24 ['5.037726861536631782806353', '5.037726861536631782806354']
even_model_corrector_functional_24 ['0.000267031390187402424649', '0.000267031390187402424650']
even_log_vector_26 ['-0.788248015893228754219789', '-0.788248015893228754219788']
even_constant_vector_26 ['4.612260560686325789890950', '4.612260560686325789890951']
even_model_corrector_functional_26 ['-0.000557934250598768638452', '-0.000557934250598768638451']
even_log_vector_28 ['-0.788248015893228754219789', '-0.788248015893228754219788']
even_constant_vector_28 ['5.236387681186757778844273', '5.236387681186757778844274']
even_model_corrector_functional_28 ['0.000682659202337051136140', '0.000682659202337051136141']
even_log_vector_30 ['-0.788248015893228754219789', '-0.788248015893228754219788']
even_constant_vector_30 ['5.256613368052672446211720', '5.256613368052672446211721']
even_model_corrector_functional_30 ['-0.000782257143667234165049', '-0.000782257143667234165048']
even_log_vector_32 ['-0.788248015893228754219789', '-0.788248015893228754219788']
even_constant_vector_32 ['5.110322608187515629025527', '5.110322608187515629025528']
even_model_corrector_functional_32 ['0.001064398852194896207593', '0.001064398852194896207594']
even_log_vector_34 ['-0.788248015893228754219789', '-0.788248015893228754219788']
even_constant_vector_34 ['5.418714415646039203074128', '5.418714415646039203074129']
even_model_corrector_functional_34 ['-0.000880336662557089332820', '-0.000880336662557089332819']
even_log_vector_36 ['-0.788248015893228754219789', '-0.788248015893228754219788']
even_constant_vector_36 ['5.375391030837967839691348', '5.375391030837967839691349']
even_model_corrector_functional_36 ['0.000610405602479084773678', '0.000610405602479084773679']
even_log_vector_38 ['-0.788248015893228754219789', '-0.788248015893228754219788']
even_constant_vector_38 ['5.637560865604872884064021', '5.637560865604872884064022']
even_model_corrector_functional_38 ['-0.000697375787685763494014', '-0.000697375787685763494013']
even_log_vector_40 ['-0.788248015893228754219789', '-0.788248015893228754219788']
even_constant_vector_40 ['5.619945456373461202992822', '5.619945456373461202992823']
even_model_corrector_functional_40 ['0.000522828355613288863282', '0.000522828355613288863283']
even_log_vector_42 ['-0.788248015893228754219789', '-0.788248015893228754219788']
even_constant_vector_42 ['5.572173454352424170779966', '5.572173454352424170779967']
even_model_corrector_functional_42 ['-0.000311599497878073373270', '-0.000311599497878073373269']
even_log_vector_44 ['-0.788248015893228754219789', '-0.788248015893228754219788']
even_constant_vector_44 ['5.754279772869750685996641', '5.754279772869750685996642']
even_model_corrector_functional_44 ['0.000459235085788772186144', '0.000459235085788772186145']
even_log_vector_46 ['-0.788248015893228754219789', '-0.788248015893228754219788']
even_constant_vector_46 ['6.007144672750196458210048', '6.007144672750196458210049']
even_model_corrector_functional_46 ['-0.000525403095599522819033', '-0.000525403095599522819032']
even_log_vector_48 ['-0.788248015893228754219789', '-0.788248015893228754219788']
even_constant_vector_48 ['5.717970694847073663622403', '5.717970694847073663622404']
even_model_corrector_functional_48 ['0.000421759258707237502378', '0.000421759258707237502379']
even_log_vector_50 ['-0.788248015893228754219789', '-0.788248015893228754219788']
even_constant_vector_50 ['6.065647680645458460739354', '6.065647680645458460739355']
even_model_corrector_functional_50 ['-0.000440257871777244061189', '-0.000440257871777244061188']
even_log_vector_52 ['-0.788248015893228754219789', '-0.788248015893228754219788']
even_constant_vector_52 ['5.893406659202528776794480', '5.893406659202528776794481']
even_model_corrector_functional_52 ['0.000394926913780915773871', '0.000394926913780915773872']
even_log_vector_54 ['-0.788248015893228754219789', '-0.788248015893228754219788']
even_constant_vector_54 ['6.177262268071410837128331', '6.177262268071410837128332']
even_model_corrector_functional_54 ['-0.000271064390724623279060', '-0.000271064390724623279059']
even_log_vector_56 ['-0.788248015893228754219789', '-0.788248015893228754219788']
even_constant_vector_56 ['6.212529626554995325162300', '6.212529626554995325162301']
even_model_corrector_functional_56 ['0.000227163390855736073297', '0.000227163390855736073298']
even_log_vector_58 ['-0.788248015893228754219789', '-0.788248015893228754219788']
even_constant_vector_58 ['5.992308801985669122821294', '5.992308801985669122821295']
even_model_corrector_functional_58 ['-0.000166699347747360636370', '-0.000166699347747360636369']
even_log_vector_60 ['-0.788248015893228754219789', '-0.788248015893228754219788']
even_constant_vector_60 ['6.359716484935494211802764', '6.359716484935494211802765']
even_model_corrector_functional_60 ['0.000124674949326073520521', '0.000124674949326073520522']
even_log_vector_62 ['-0.788248015893228754219789', '-0.788248015893228754219788']
even_constant_vector_62 ['6.280733620299977002540133', '6.280733620299977002540134']
even_model_corrector_functional_62 ['-0.000191637022034547016771', '-0.000191637022034547016770']
PASS even all 93 analytic low coupling coefficients reproduce exactly
PASS even comparison tail and residual profile floors positive
PASS even all 31 full-tail comparison pivots strictly positive
even_LDL_pivot_2 ['0.069765026158593142654800', '0.069765026158593142654801']
even_LDL_pivot_4 ['0.004998463976844800323500', '0.004998463976844800323501']
even_LDL_pivot_6 ['0.000983619064642704602090', '0.000983619064642704602091']
even_LDL_pivot_8 ['0.003194833808815005363410', '0.003194833808815005363411']
even_LDL_pivot_10 ['0.000403105416778029470404', '0.000403105416778029470405']
even_LDL_pivot_12 ['0.000320850530863080764749', '0.000320850530863080764750']
even_LDL_pivot_14 ['0.001666089632230777199294', '0.001666089632230777199295']
even_LDL_pivot_16 ['0.002409248504518204416791', '0.002409248504518204416792']
even_LDL_pivot_18 ['0.000558952704033373198379', '0.000558952704033373198380']
even_LDL_pivot_20 ['0.001914498603507755148968', '0.001914498603507755148969']
even_LDL_pivot_22 ['0.004051706895928843891681', '0.004051706895928843891682']
even_LDL_pivot_24 ['0.004179833478097317539983', '0.004179833478097317539984']
even_LDL_pivot_26 ['0.005082387870837692616919', '0.005082387870837692616920']
even_LDL_pivot_28 ['0.003891051768029171014837', '0.003891051768029171014838']
even_LDL_pivot_30 ['0.002905605071365709623864', '0.002905605071365709623865']
even_LDL_pivot_32 ['0.019800908990094868851484', '0.019800908990094868851485']
even_LDL_pivot_34 ['0.019311344694137758081602', '0.019311344694137758081603']
even_LDL_pivot_36 ['0.015975329353373797708163', '0.015975329353373797708164']
even_LDL_pivot_38 ['0.020461298684103684668082', '0.020461298684103684668083']
even_LDL_pivot_40 ['0.023323099931833248945304', '0.023323099931833248945305']
even_LDL_pivot_42 ['0.021694141646415266447734', '0.021694141646415266447735']
even_LDL_pivot_44 ['0.020138986207056650475494', '0.020138986207056650475495']
even_LDL_pivot_46 ['0.021302133225987035613542', '0.021302133225987035613543']
even_LDL_pivot_48 ['0.014476406327917094789583', '0.014476406327917094789584']
even_LDL_pivot_50 ['0.016806296425440321307520', '0.016806296425440321307521']
even_LDL_pivot_52 ['0.019099531789861354169769', '0.019099531789861354169770']
even_LDL_pivot_54 ['0.014552710529826198786316', '0.014552710529826198786317']
even_LDL_pivot_56 ['0.014748790920841029532419', '0.014748790920841029532420']
even_LDL_pivot_58 ['0.013864178126385132802044', '0.013864178126385132802045']
even_LDL_pivot_60 ['0.013043187007256002904360', '0.013043187007256002904361']
even_LDL_pivot_62 ['0.000827259294106880191655', '0.000827259294106880191656']
PASS even signed rank-two integrated energy positive
PASS even complete low-profile relative loss below published cap
PASS even actual harmonic soft Schur floor exceeds published bound
PASS even full physical gap exceeds published bound
PASS even growing hard block has coordinate floor above two fifths
PASS even actual low to entire growing hard operator norm below three
PASS even positive actual low matrix trace below two hundred
PASS even harmonic lift norm below fifteen halves
even_full_tail_coupling_HS_squared ['8.093223555830155071955095', '8.093223555830155071955096']
even_effective_tail_floor ['0.431105771307195036323896', '0.431105771307195036323897']
even_remaining_profile_floor ['0.437996221000804299194293', '0.437996221000804299194294']
even_low_inverse_trace_reserve ['0.000000000000882093534220', '0.000000000000882093534221']
even_dual_log_squared ['5251.846866811152151659492625', '5251.846866811152151659492626']
even_dual_log_constant_mixed ['-34545.205082072287440522845812', '-34545.205082072287440522845811']
even_dual_constant_squared ['233215.830569779952081269149176', '233215.830569779952081269149177']
even_integrated_main_energy ['0.000169850051412599691445', '0.000169850051412599691446']
even_pointwise_remainder_upper ['0.001011569943315037339203', '0.001011569943315037339204']
even_integrated_remainder_energy ['0.000116005129900694808942', '0.000116005129900694808943']
even_adaptive_low_profile_relative_loss ['0.001293603242640058150520', '0.001293603242640058150521']
even_comparison_inverse_shear_squared ['57.749983861318963772967178', '57.749983861318963772967179']
even_actual_harmonic_soft_floor_lower ['0.000000000000880952455164', '0.000000000000880952455165']
even_published_soft_floor ['0.000000000000800000000000', '0.000000000000800000000000']
even_physical_gap_lower ['0.000000000000002542432038', '0.000000000000002542432039']
even_published_physical_gap ['0.000000000000002000000000', '0.000000000000002000000000']
even_hard_tail_reserve ['0.416688628450052179181039', '0.416688628450052179181040']
even_hard_profile_reserve ['2.437996221000804299194293', '2.437996221000804299194294']
even_low_to_hard_norm_squared_upper ['8.094133041411082062911666', '8.094133041411082062911667']
even_actual_low_trace_upper ['71.974168179798525805553782', '71.974168179798525805553783']
PASS endpoint range for uniform Gamma model
PASS active prime powers 2,3,4 with von Mangoldt weights
PASS positive decreasing regular Gamma floor
endpoint_a ['0.804718956217050187300379', '0.804718956217050187300380']
q0 ['-2.197830546078043655772457', '-2.197830546078043655772456']
uniform_Gamma_error ['0.000000000000000000229770', '0.000000000000000000229771']
joint_shift_operator_norm_upper ['1.674004871437481941312235', '1.674004871437481941312236']
PASS kernel and shift norms used for moment reconstruction
PASS low basis Qnorm ingredient 1
PASS odd exact 31-dimensional low space and full tail
PASS global moment norm below square root two
PASS moment-corrected full high-tail coupling below 41 over 10
PASS tail physical coercivity above 0.719 with exact norm correction
odd_beta ['0.000739969782224899503368', '0.000739969782224899503369']
odd_moment_tail_operator_error ['0.000000000000000000000000', '0.000000000000000000000001']
odd_Gamma_form_error ['0.000000000000000000739601', '0.000000000000000000739602']
odd_infinite_moment_form_error ['0.000000000000000000000000', '0.000000000000000000000001']
odd_total_form_error ['0.000000000000000000739601', '0.000000000000000000739602']
odd_original_tail_floor ['0.734833243834667563796423', '0.734833243834667563796424']
odd_physical_tail_floor_lower ['0.734833243834667563796423', '0.734833243834667563796424']
PASS odd canonical original_tail_floor reproduced exactly
PASS odd canonical total_form_error reproduced exactly
PASS odd full high-profile norm including exact moment tail below 87 over 25
PASS odd exact low moment ratios bounded by two
PASS odd low derivative bound below 100000
PASS odd regular Gamma model derivative below ten
PASS exact 1 corrector normalization positive
odd_log_vector_3 ['-0.784627991876808170464410', '-0.784627991876808170464409']
odd_constant_vector_3 ['3.702263217649601248054576', '3.702263217649601248054577']
odd_model_corrector_functional_3 ['-0.094790652354589374823413', '-0.094790652354589374823412']
odd_log_vector_5 ['-0.788242112456301561421037', '-0.788242112456301561421036']
odd_constant_vector_5 ['4.708750390244910184512136', '4.708750390244910184512137']
odd_model_corrector_functional_5 ['-0.154406826919188753160234', '-0.154406826919188753160233']
odd_log_vector_7 ['-0.788248010999238403030896', '-0.788248010999238403030895']
odd_constant_vector_7 ['5.401619628083292038150918', '5.401619628083292038150919']
odd_model_corrector_functional_7 ['-0.102450068225908734958774', '-0.102450068225908734958773']
odd_log_vector_9 ['-0.788248015890778024561209', '-0.788248015890778024561208']
odd_constant_vector_9 ['5.432523009953568732744206', '5.432523009953568732744207']
odd_model_corrector_functional_9 ['0.064575148440460370026847', '0.064575148440460370026848']
odd_log_vector_11 ['-0.788248015893227933284329', '-0.788248015893227933284328']
odd_constant_vector_11 ['6.319188534835613209123352', '6.319188534835613209123353']
odd_model_corrector_functional_11 ['-0.088915291804431717123863', '-0.088915291804431717123862']
odd_log_vector_13 ['-0.788248015893228754022982', '-0.788248015893228754022981']
odd_constant_vector_13 ['5.603818648090331344363722', '5.603818648090331344363723']
odd_model_corrector_functional_13 ['0.071124177229190614764348', '0.071124177229190614764349']
odd_log_vector_15 ['-0.788248015893228754219753', '-0.788248015893228754219752']
odd_constant_vector_15 ['6.616096408147189190640139', '6.616096408147189190640140']
odd_model_corrector_functional_15 ['-0.039028417326458009781224', '-0.039028417326458009781223']
odd_log_vector_17 ['-0.788248015893228754219789', '-0.788248015893228754219788']
odd_constant_vector_17 ['6.636111601118212372367502', '6.636111601118212372367503']
odd_model_corrector_functional_17 ['0.003477214653289928020429', '0.003477214653289928020430']
odd_log_vector_19 ['-0.788248015893228754219789', '-0.788248015893228754219788']
odd_constant_vector_19 ['6.631974211753293816733548', '6.631974211753293816733549']
odd_model_corrector_functional_19 ['0.003150858588536024055452', '0.003150858588536024055453']
odd_log_vector_21 ['-0.788248015893228754219789', '-0.788248015893228754219788']
odd_constant_vector_21 ['6.925767633813729527026351', '6.925767633813729527026352']
odd_model_corrector_functional_21 ['-0.003656092729747651911406', '-0.003656092729747651911405']
odd_log_vector_23 ['-0.788248015893228754219789', '-0.788248015893228754219788']
odd_constant_vector_23 ['6.887332771527534599860068', '6.887332771527534599860069']
odd_model_corrector_functional_23 ['0.004696730694027960088415', '0.004696730694027960088416']
odd_log_vector_25 ['-0.788248015893228754219789', '-0.788248015893228754219788']
odd_constant_vector_25 ['7.284520295013374858390649', '7.284520295013374858390650']
odd_model_corrector_functional_25 ['-0.003580852505537417544183', '-0.003580852505537417544182']
odd_log_vector_27 ['-0.788248015893228754219789', '-0.788248015893228754219788']
odd_constant_vector_27 ['7.337501370580818474129454', '7.337501370580818474129455']
odd_model_corrector_functional_27 ['-0.002232265130021037621369', '-0.002232265130021037621368']
odd_log_vector_29 ['-0.788248015893228754219789', '-0.788248015893228754219788']
odd_constant_vector_29 ['7.227174999475946992594788', '7.227174999475946992594789']
odd_model_corrector_functional_29 ['0.003543677202653169495552', '0.003543677202653169495553']
odd_log_vector_31 ['-0.788248015893228754219789', '-0.788248015893228754219788']
odd_constant_vector_31 ['7.454971624762471298305911', '7.454971624762471298305912']
odd_model_corrector_functional_31 ['-0.000366745438774247450801', '-0.000366745438774247450800']
odd_log_vector_33 ['-0.788248015893228754219789', '-0.788248015893228754219788']
odd_constant_vector_33 ['7.767768394624877775274507', '7.767768394624877775274508']
odd_model_corrector_functional_33 ['-0.002849066905223227126776', '-0.002849066905223227126775']
odd_log_vector_35 ['-0.788248015893228754219789', '-0.788248015893228754219788']
odd_constant_vector_35 ['7.513841201440043425425457', '7.513841201440043425425458']
odd_model_corrector_functional_35 ['0.003100213534367717563538', '0.003100213534367717563539']
odd_log_vector_37 ['-0.788248015893228754219789', '-0.788248015893228754219788']
odd_constant_vector_37 ['7.905229701450128913970771', '7.905229701450128913970772']
odd_model_corrector_functional_37 ['-0.003000013611277033513586', '-0.003000013611277033513585']
odd_log_vector_39 ['-0.788248015893228754219789', '-0.788248015893228754219788']
odd_constant_vector_39 ['7.623696659739427432363727', '7.623696659739427432363728']
odd_model_corrector_functional_39 ['0.002896269506476504943048', '0.002896269506476504943049']
odd_log_vector_41 ['-0.788248015893228754219789', '-0.788248015893228754219788']
odd_constant_vector_41 ['8.060258611148751276095812', '8.060258611148751276095813']
odd_model_corrector_functional_41 ['-0.001519299742681986681964', '-0.001519299742681986681963']
odd_log_vector_43 ['-0.788248015893228754219789', '-0.788248015893228754219788']
odd_constant_vector_43 ['8.081119355662581418351656', '8.081119355662581418351657']
odd_model_corrector_functional_43 ['-0.001121692797611070762909', '-0.001121692797611070762908']
odd_log_vector_45 ['-0.788248015893228754219789', '-0.788248015893228754219788']
odd_constant_vector_45 ['7.876901141476755745058030', '7.876901141476755745058031']
odd_model_corrector_functional_45 ['0.002251553878202728228593', '0.002251553878202728228594']
odd_log_vector_47 ['-0.788248015893228754219789', '-0.788248015893228754219788']
odd_constant_vector_47 ['8.219582045619439540191223', '8.219582045619439540191224']
odd_model_corrector_functional_47 ['-0.001615882630760173477214', '-0.001615882630760173477213']
odd_log_vector_49 ['-0.788248015893228754219789', '-0.788248015893228754219788']
odd_constant_vector_49 ['8.162720704092145251069448', '8.162720704092145251069449']
odd_model_corrector_functional_49 ['0.000924358474176960750876', '0.000924358474176960750877']
odd_log_vector_51 ['-0.788248015893228754219789', '-0.788248015893228754219788']
odd_constant_vector_51 ['8.330346226520088080268281', '8.330346226520088080268282']
odd_model_corrector_functional_51 ['-0.000812448556633851559467', '-0.000812448556633851559466']
odd_log_vector_53 ['-0.788248015893228754219789', '-0.788248015893228754219788']
odd_constant_vector_53 ['8.294481122756680195797348', '8.294481122756680195797349']
odd_model_corrector_functional_53 ['0.000295626489714870899962', '0.000295626489714870899963']
odd_log_vector_55 ['-0.788248015893228754219789', '-0.788248015893228754219788']
odd_constant_vector_55 ['8.301051168910229254139692', '8.301051168910229254139693']
odd_model_corrector_functional_55 ['0.000191804815568611708949', '0.000191804815568611708950']
odd_log_vector_57 ['-0.788248015893228754219789', '-0.788248015893228754219788']
odd_constant_vector_57 ['8.446419141130926787184717', '8.446419141130926787184718']
odd_model_corrector_functional_57 ['0.000199372021922966636563', '0.000199372021922966636564']
odd_log_vector_59 ['-0.788248015893228754219789', '-0.788248015893228754219788']
odd_constant_vector_59 ['8.641678115411887451476446', '8.641678115411887451476447']
odd_model_corrector_functional_59 ['-0.001078617803560375722326', '-0.001078617803560375722325']
odd_log_vector_61 ['-0.788248015893228754219789', '-0.788248015893228754219788']
odd_constant_vector_61 ['8.351428451715926096098354', '8.351428451715926096098355']
odd_model_corrector_functional_61 ['0.001276048408373808118743', '0.001276048408373808118744']
odd_log_vector_63 ['-0.788248015893228754219789', '-0.788248015893228754219788']
odd_constant_vector_63 ['8.678362210068167960650062', '8.678362210068167960650063']
odd_model_corrector_functional_63 ['-0.000865766551532180354189', '-0.000865766551532180354188']
PASS odd all 93 analytic low coupling coefficients reproduce exactly
PASS odd comparison tail and residual profile floors positive
PASS odd all 31 full-tail comparison pivots strictly positive
odd_LDL_pivot_3 ['0.035701375407127597692350', '0.035701375407127597692351']
odd_LDL_pivot_5 ['0.006733602875554833030009', '0.006733602875554833030010']
odd_LDL_pivot_7 ['0.012538612862941221288075', '0.012538612862941221288076']
odd_LDL_pivot_9 ['0.001533364009716381931174', '0.001533364009716381931175']
odd_LDL_pivot_11 ['0.000897259636449946213145', '0.000897259636449946213146']
odd_LDL_pivot_13 ['0.003627970022747170706527', '0.003627970022747170706528']
odd_LDL_pivot_15 ['0.003944289054824352086916', '0.003944289054824352086917']
odd_LDL_pivot_17 ['0.001340156239436778458071', '0.001340156239436778458072']
odd_LDL_pivot_19 ['0.003635495766897562884508', '0.003635495766897562884509']
odd_LDL_pivot_21 ['0.008735027735532295020900', '0.008735027735532295020901']
odd_LDL_pivot_23 ['0.006885569951337907847955', '0.006885569951337907847956']
odd_LDL_pivot_25 ['0.006386391716675012637021', '0.006386391716675012637022']
odd_LDL_pivot_27 ['0.005892780116668066741504', '0.005892780116668066741505']
odd_LDL_pivot_29 ['0.005939040570069884312660', '0.005939040570069884312661']
odd_LDL_pivot_31 ['0.025338838936691168805824', '0.025338838936691168805825']
odd_LDL_pivot_33 ['0.021531347603787334792000', '0.021531347603787334792001']
odd_LDL_pivot_35 ['0.019346382206320434886714', '0.019346382206320434886715']
odd_LDL_pivot_37 ['0.022865933064949310162239', '0.022865933064949310162240']
odd_LDL_pivot_39 ['0.025077491109259876330665', '0.025077491109259876330666']
odd_LDL_pivot_41 ['0.019567092229997744008947', '0.019567092229997744008948']
odd_LDL_pivot_43 ['0.025582956559067537490590', '0.025582956559067537490591']
odd_LDL_pivot_45 ['0.019688920130513283207531', '0.019688920130513283207532']
odd_LDL_pivot_47 ['0.018167877091750612631742', '0.018167877091750612631743']
odd_LDL_pivot_49 ['0.018279845367637107809092', '0.018279845367637107809093']
odd_LDL_pivot_51 ['0.017886411262869703033152', '0.017886411262869703033153']
odd_LDL_pivot_53 ['0.016207448555970673271780', '0.016207448555970673271781']
odd_LDL_pivot_55 ['0.018358708777375556145671', '0.018358708777375556145672']
odd_LDL_pivot_57 ['0.013685858514090614592891', '0.013685858514090614592892']
odd_LDL_pivot_59 ['0.014703396005682328536301', '0.014703396005682328536302']
odd_LDL_pivot_61 ['0.014069799024990008357792', '0.014069799024990008357793']
odd_LDL_pivot_63 ['0.006481398759377468188252', '0.006481398759377468188253']
PASS odd signed rank-two integrated energy positive
PASS odd complete low-profile relative loss below published cap
PASS odd actual harmonic soft Schur floor exceeds published bound
PASS odd full physical gap exceeds published bound
PASS odd growing hard block has coordinate floor above two fifths
PASS odd actual low to entire growing hard operator norm below three
PASS odd positive actual low matrix trace below two hundred
PASS odd harmonic lift norm below fifteen halves
odd_full_tail_coupling_HS_squared ['8.040847556496107838762262', '8.040847556496107838762263']
odd_effective_tail_floor ['0.446490386691810420939280', '0.446490386691810420939281']
odd_remaining_profile_floor ['0.437996221000804299194293', '0.437996221000804299194294']
odd_low_inverse_trace_reserve ['0.000000000479436471392086', '0.000000000479436471392087']
odd_dual_log_squared ['1052.043711649667667812349415', '1052.043711649667667812349416']
odd_dual_log_constant_mixed ['-9693.987104969978937371740932', '-9693.987104969978937371740931']
odd_dual_constant_squared ['97114.220886799153307152958182', '97114.220886799153307152958183']
odd_integrated_main_energy ['0.000025470596866240211385', '0.000025470596866240211386']
odd_pointwise_remainder_upper ['0.001011569943315037339203', '0.001011569943315037339204']
odd_integrated_remainder_energy ['0.000000213432605001288750', '0.000000213432605001288751']
odd_adaptive_low_profile_relative_loss ['0.000069286409243782285718', '0.000069286409243782285719']
odd_comparison_inverse_shear_squared ['54.053176197378864121495077', '54.053176197378864121495078']
odd_actual_harmonic_soft_floor_lower ['0.000000000479403252960522', '0.000000000479403252960523']
odd_published_soft_floor ['0.000000000400000000000000', '0.000000000400000000000000']
odd_physical_gap_lower ['0.000000000001478184036185', '0.000000000001478184036186']
odd_published_physical_gap ['0.000000000001000000000000', '0.000000000001000000000000']
odd_hard_tail_reserve ['0.432073243834667563796423', '0.432073243834667563796424']
odd_hard_profile_reserve ['2.437996221000804299194293', '2.437996221000804299194294']
odd_low_to_hard_norm_squared_upper ['8.043613359040302777400914', '8.043613359040302777400915']
odd_actual_low_trace_upper ['73.302005266388910925176989', '73.302005266388910925176990']
PASS harmonic coordinate forward and inverse shears bounded by nine
PASS exact endpoint cocycle has uniform transition bound sixteen
PASS harmonic physical coordinate bounds one over 162 and 486
PASS physical hard gap above one fifteenth
PASS fixed inherited source is nonzero and has positive energy
PASS harmonic inherited near-null Rayleigh upper bound below fourteen e minus twelve
PASS total squared physical near-null variation budget below 8.2 e minus twelve
fixed_source_energy ['0.000000000000545323065282', '0.000000000000545323065283']
fixed_source_norm_squared ['0.165435361734099621278093', '0.165435361734099621278094']
near_null_Rayleigh_upper ['0.000000000013185163306464', '0.000000000013185163306465']
near_null_total_squared_physical_variation_upper ['0.000000000008179845979230', '0.000000000008179845979231']
PASS b1c0186 71 checks entire inherited chain and all hashes reproduce
TOTAL 80 NEW EXACT CHECKS PASS
FINITE-BAND-MOVING-ENDPOINT-HARMONIC-BLOCK-RENEWAL-CLOSED
