direct point B
direct point 17/20
direct point 9/10
direct point 19/20
direct point C
continuum source-energy cover
global second derivative bound ['-25.562302524519935468774085985135', '24.846660538749483947536792688209']
cover 10 accepted 0 pending 11 fail 0
cover 20 accepted 3 pending 15 fail 0
cover 30 accepted 13 pending 5 fail 0
continuum channel-5 sign cover
global second derivative bound ['-5227.403656886897494813316058275198', '5252.041099268601796082983011187923']
cover 10 accepted 2 pending 7 fail 0
cover 20 accepted 7 pending 7 fail 0
cover 30 accepted 13 pending 5 fail 0
cover 40 accepted 19 pending 3 fail 0
whole infinite directional tail
full joint residual norm ['0.109810459640155717746303987350', '0.109810459640155717746303987351']
tail cutoff 63 Gram ['0.000000000000330936201036167144', '0.000000000000330936201036167145'] deduction ['0.000000000000460445852750974530', '0.000000000000460445852750974531'] lower ['0.000000000002835844973865029928', '0.000000000002835844973865029929']
tail cutoff 79 Gram ['0.000000000000259367858318020181', '0.000000000000259367858318020182'] deduction ['0.000000000000275894810893027178', '0.000000000000275894810893027179'] lower ['0.000000000003020396015722977281', '0.000000000003020396015722977282']
tail cutoff 95 Gram ['0.000000000000236756033733583720', '0.000000000000236756033733583721'] deduction ['0.000000000000211163131343802077', '0.000000000000211163131343802078'] lower ['0.000000000003085127695272202381', '0.000000000003085127695272202382']
REPLAY and all five SHA256 payload hashes PASS
PASS source degree 62, even parity and exact zero endpoint traces
PASS transport interval and exact active-set thresholds
PASS B numerical moment enclosure consistent with exact cancellation
PASS B direct positive Rayleigh enclosure
B Rayleigh ['0.000000000003296290826591316669', '0.000000000003296290826640692301']
PASS 17/20 numerical moment enclosure consistent with exact cancellation
PASS 17/20 direct positive Rayleigh enclosure
17/20 Rayleigh ['0.002333871565490292751690373879', '0.002333871565490292751742527848']
PASS 9/10 numerical moment enclosure consistent with exact cancellation
PASS 9/10 direct positive Rayleigh enclosure
9/10 Rayleigh ['0.005352587854755404013991036146', '0.005352587854755404014046257996']
PASS 19/20 numerical moment enclosure consistent with exact cancellation
PASS 19/20 direct positive Rayleigh enclosure
19/20 Rayleigh ['0.005627067979967328531986042244', '0.005627067979967328532044331974']
PASS C numerical moment enclosure consistent with exact cancellation
PASS C direct positive Rayleigh enclosure
C Rayleigh ['0.004965774460964074255234096236', '0.004965774460964074255293794435']
PASS reconstructs the pinned original source Rayleigh enclosure
PASS whole-family normalized overlap squared > 0.99998
PASS energy all cells positive
PASS energy exact continuum cover
PASS channel5 all cells positive
PASS channel5 exact continuum cover
PASS B higher precision and Gamma degree strictly narrow the enclosure
B higher precision Rayleigh ['0.000000000003296290826616004472', '0.000000000003296290826616004499']
PASS C higher precision and Gamma degree strictly narrow the enclosure
C higher precision Rayleigh ['0.004965774460964074255263945319', '0.004965774460964074255263945352']
PASS 435 exact Gamma image versus triangle-integral comparisons
PASS all nine ordered mixed shift Gram entries and their symmetry
PASS cutoff 63 full tail and directional Schur lower bound positive
cutoff 63 Schur deduction ['0.000000000000460445852750974530', '0.000000000000460445852750974531']
PASS cutoff 79 full tail and directional Schur lower bound positive
PASS cutoff 79 tail subtraction decreases
cutoff 79 Schur deduction ['0.000000000000275894810893027178', '0.000000000000275894810893027179']
PASS cutoff 95 full tail and directional Schur lower bound positive
PASS cutoff 95 tail subtraction decreases
cutoff 95 Schur deduction ['0.000000000000211163131343802077', '0.000000000000211163131343802078']
TOTAL 27 checks PASS
ONLY THIS TRANSPORTED FAMILY: Rayleigh > 1/10^12 for B<=a<=C
NO ALL-SOURCE COERCIVITY CLAIM AT C; EXTERNAL REVIEW OPEN
