REPLAY and all five SHA256 payload hashes PASS
PASS rational sqrt enclosure 2
PASS rational sqrt enclosure 3
PASS endpoint log2: shifts 2 and 3 active; shift 4 has zero overlap
PASS positive regular Gamma floor
PASS uniform polynomial Gamma error < 1/10000000000
endpoint_a_log2 ['0.693147180559', '0.693147180560']
log3 ['1.098612288668', '1.098612288669']
q0 ['-2.048579810730', '-2.048579810729']
kernel_uniform_error_upper ['0.000000000004', '0.000000000005']
PASS 15-cell bound sup |g+t gprime| < 1
regular_kernel_derivative_absolute_upper ['0.250000000000', '0.250000000000']
PASS joint H1 form Lipschitz constant 13
PASS entire polynomial Gamma kernel norm < 1
PASS joint weighted adjacency norm < 2
PASS low basis Qnorm ingredient 0
PASS low basis Qnorm ingredient 1
PASS even moment beta < 1
PASS even positive infinite-dimensional tail
even_moment_beta_upper ['0.003680101198', '0.003680101199']
even_moment_tail_norm_upper ['0.000000000000', '0.000000000001']
even_total_bounded_form_error_upper ['0.000000000011', '0.000000000012']
even_actual_tail_lower_bound ['0.778285614675', '0.778285614676']
PASS even finite Schur LDL pivots positive
even_ldl_pivot_2 ['0.068950846253', '0.068950846254']
even_ldl_pivot_4 ['0.007686745511', '0.007686745512']
even_ldl_pivot_6 ['0.009805495861', '0.009805495862']
even_ldl_pivot_8 ['0.000710525970', '0.000710525971']
even_ldl_pivot_10 ['0.004863808942', '0.004863808943']
even_ldl_pivot_12 ['0.009006859272', '0.009006859273']
even_ldl_pivot_14 ['0.003106104668', '0.003106104672']
even_ldl_pivot_16 ['0.011124003487', '0.011124003564']
even_ldl_pivot_18 ['0.016025413435', '0.016025413981']
even_ldl_pivot_20 ['0.013269073379', '0.013269076360']
even_ldl_pivot_22 ['0.021701075135', '0.021701086934']
even_ldl_pivot_24 ['0.030445346537', '0.030445361878']
even_ldl_pivot_26 ['0.035920978496', '0.035920982316']
even_ldl_pivot_28 ['0.032920746196', '0.032920748206']
even_ldl_pivot_30 ['0.020726107489', '0.020726108153']
PASS even actual Schur complement > 1/1000000000
PASS even actual full shear increment squared < 16
even_actual_coupling_HS_squared_upper ['3.465445015313', '3.465445015314']
even_actual_shear_increment_squared_upper ['5.721119324402', '5.721119324403']
PASS even final division gives gap > 1/100000000000
even_back_transformed_gap_lower_bound ['0.000000000040', '0.000000000040']
even_normalized_source_gap_lower_bound ['0.000000000039', '0.000000000040']
PASS odd moment beta < 1
PASS odd positive infinite-dimensional tail
odd_moment_beta_upper ['0.000405612695', '0.000405612696']
odd_moment_tail_norm_upper ['0.000000000000', '0.000000000001']
odd_total_bounded_form_error_upper ['0.000000000011', '0.000000000012']
odd_actual_tail_lower_bound ['0.808588644978', '0.808588644979']
PASS odd finite Schur LDL pivots positive
odd_ldl_pivot_3 ['0.044687315786', '0.044687315787']
odd_ldl_pivot_5 ['0.028282159874', '0.028282159875']
odd_ldl_pivot_7 ['0.002699815453', '0.002699815454']
odd_ldl_pivot_9 ['0.013569677934', '0.013569677935']
odd_ldl_pivot_11 ['0.015092874959', '0.015092874960']
odd_ldl_pivot_13 ['0.005856117291', '0.005856117292']
odd_ldl_pivot_15 ['0.018442066737', '0.018442066738']
odd_ldl_pivot_17 ['0.024505636273', '0.024505636274']
odd_ldl_pivot_19 ['0.023191049612', '0.023191049614']
odd_ldl_pivot_21 ['0.030680134560', '0.030680134563']
odd_ldl_pivot_23 ['0.032026445977', '0.032026445978']
odd_ldl_pivot_25 ['0.041358935449', '0.041358935450']
odd_ldl_pivot_27 ['0.032123372630', '0.032123372632']
odd_ldl_pivot_29 ['0.030205559075', '0.030205559076']
odd_ldl_pivot_31 ['0.030251220760', '0.030251220762']
PASS odd actual Schur complement > 1/1000000000
PASS odd actual full shear increment squared < 16
odd_actual_coupling_HS_squared_upper ['3.633867177582', '3.633867177583']
odd_actual_shear_increment_squared_upper ['5.557938959287', '5.557938959288']
PASS odd final division gives gap > 1/100000000000
odd_back_transformed_gap_lower_bound ['0.000000000040', '0.000000000040']
odd_normalized_source_gap_lower_bound ['0.000000000039', '0.000000000040']
TOTAL 23 checks PASS
UNIFORM Q_W[u] > ||u||_2^2 / 100000000000 for 0<a<=log(2)
