constants and exact Gamma model
full Gamma columns ready
analytic shift band 1/4
analytic shift band 2/4
analytic shift band 3/4
analytic shift band 4/4
even complete tail Gram and moment congruence
even Gram row 1/31
even Gram row 2/31
even Gram row 3/31
even Gram row 4/31
even Gram row 5/31
even Gram row 6/31
even Gram row 7/31
even Gram row 8/31
even Gram row 9/31
even Gram row 10/31
even Gram row 11/31
even Gram row 12/31
even Gram row 13/31
even Gram row 14/31
even Gram row 15/31
even Gram row 16/31
even Gram row 17/31
even Gram row 18/31
even Gram row 19/31
even Gram row 20/31
even Gram row 21/31
even Gram row 22/31
even Gram row 23/31
even Gram row 24/31
even Gram row 25/31
even Gram row 26/31
even Gram row 27/31
even Gram row 28/31
even Gram row 29/31
even Gram row 30/31
even Gram row 31/31
odd complete tail Gram and moment congruence
odd Gram row 1/31
odd Gram row 2/31
odd Gram row 3/31
odd Gram row 4/31
odd Gram row 5/31
odd Gram row 6/31
odd Gram row 7/31
odd Gram row 8/31
odd Gram row 9/31
odd Gram row 10/31
odd Gram row 11/31
odd Gram row 12/31
odd Gram row 13/31
odd Gram row 14/31
odd Gram row 15/31
odd Gram row 16/31
odd Gram row 17/31
odd Gram row 18/31
odd Gram row 19/31
odd Gram row 20/31
odd Gram row 21/31
odd Gram row 22/31
odd Gram row 23/31
odd Gram row 24/31
odd Gram row 25/31
odd Gram row 26/31
odd Gram row 27/31
odd Gram row 28/31
odd Gram row 29/31
odd Gram row 30/31
odd Gram row 31/31
REPLAY and all five SHA256 payload hashes PASS
PASS endpoint range for uniform Gamma model
PASS active prime powers 2,3,4 with von Mangoldt weights
PASS positive decreasing regular Gamma floor
endpoint_a ['0.804718956217050187300379', '0.804718956217050187300380']
q0 ['-2.197830546078043655772457', '-2.197830546078043655772456']
uniform_Gamma_error ['0.000000000000000000229770', '0.000000000000000000229771']
joint_shift_operator_norm_upper ['1.674004871437481941312235', '1.674004871437481941312236']
PASS kernel and shift norms used for moment reconstruction
PASS low basis Qnorm ingredient 0
PASS low basis Qnorm ingredient 1
even_actual_H1_Mellin_trial_Rayleigh ['0.000000000003296290456815', '0.000000000003296291196417']
PASS even moment bounds
even_beta ['0.006732787914843592696178', '0.006732787914843592696179']
even_Gamma_form_error ['0.000000000000000000739601', '0.000000000000000000739602']
even_infinite_moment_form_error ['0.000000000000000000000000', '0.000000000000000000000001']
even_total_form_error ['0.000000000000000000739601', '0.000000000000000000739602']
even_tail_floor ['0.719448628450052179181039', '0.719448628450052179181040']
PASS even positive infinite-dimensional tail
even_finite_Mellin_correction_HS_squared_upper ['0.000155343703236469224539', '0.000155343703236469224540']
even_coupling_HS_squared ['8.093223555830155071955095', '8.093223555830155071955096']
even_Schur_deduction_operator_upper ['11.249202841995588347783244', '11.249202841995588347783245']
even_shear_increment_squared_upper ['15.635866686173779835586151', '15.635866686173779835586152']
even_finite_Mellin_block_reserve_lower ['0.000000000003210487628048', '0.000000000003210487628049']
even_Schur_LDL_pivot_2 ['0.072966852965974706646468', '0.072966852965974706646469']
even_Schur_LDL_pivot_4 ['0.005088452999284527625475', '0.005088452999284527625476']
even_Schur_LDL_pivot_6 ['0.001038879788981550093784', '0.001038879788981550093785']
even_Schur_LDL_pivot_8 ['0.003285518298805519294536', '0.003285518298805519294537']
even_Schur_LDL_pivot_10 ['0.000425938201132063606034', '0.000425938201132063606035']
even_Schur_LDL_pivot_12 ['0.000340167669694686460781', '0.000340167669694686460782']
even_Schur_LDL_pivot_14 ['0.001737724390394226355395', '0.001737724390394226355396']
even_Schur_LDL_pivot_16 ['0.002569721880359257752688', '0.002569721880359257752689']
even_Schur_LDL_pivot_18 ['0.000625111251736812487822', '0.000625111251736812487823']
even_Schur_LDL_pivot_20 ['0.002058578324852322209061', '0.002058578324852322209062']
even_Schur_LDL_pivot_22 ['0.004657915827932849856150', '0.004657915827932849856151']
even_Schur_LDL_pivot_24 ['0.004688045167617773410112', '0.004688045167617773410113']
even_Schur_LDL_pivot_26 ['0.005509654564694011327651', '0.005509654564694011327652']
even_Schur_LDL_pivot_28 ['0.004438223346049280339610', '0.004438223346049280339611']
even_Schur_LDL_pivot_30 ['0.003449938198899710848629', '0.003449938198899710848630']
even_Schur_LDL_pivot_32 ['0.023326600971461792378125', '0.023326600971461792378126']
even_Schur_LDL_pivot_34 ['0.021604026936426084930771', '0.021604026936426084930772']
even_Schur_LDL_pivot_36 ['0.018402538714608721990945', '0.018402538714608721990946']
even_Schur_LDL_pivot_38 ['0.024326673008228335646252', '0.024326673008228335646253']
even_Schur_LDL_pivot_40 ['0.026389197358634981209019', '0.026389197358634981209020']
even_Schur_LDL_pivot_42 ['0.024651841617010808944567', '0.024651841617010808944568']
even_Schur_LDL_pivot_44 ['0.025634526105262787197245', '0.025634526105262787197246']
even_Schur_LDL_pivot_46 ['0.024172326724566652876662', '0.024172326724566652876663']
even_Schur_LDL_pivot_48 ['0.019516129666695167835412', '0.019516129666695167835413']
even_Schur_LDL_pivot_50 ['0.021042704893893268803136', '0.021042704893893268803137']
even_Schur_LDL_pivot_52 ['0.023745665215162608613345', '0.023745665215162608613346']
even_Schur_LDL_pivot_54 ['0.019426993063090637226126', '0.019426993063090637226127']
even_Schur_LDL_pivot_56 ['0.019951508854537637170191', '0.019951508854537637170192']
even_Schur_LDL_pivot_58 ['0.019297557850962627416774', '0.019297557850962627416775']
even_Schur_LDL_pivot_60 ['0.019054453542241691119791', '0.019054453542241691119792']
even_Schur_LDL_pivot_62 ['0.012274909623915826920232', '0.012274909623915826920233']
PASS even actual Schur positive via all rational LDL pivots
even_Schur_inverse_trace_reserve_lower ['0.000000000002575698126263', '0.000000000002575698126264']
even_inverse_shear_norm_squared_upper ['24.544315625284000000000000', '24.544315625284000000000000']
even_back_transformed_gap_lower ['0.000000000000104940718885', '0.000000000000104940718886']
even_final_normalized_gap_lower ['0.000000000000104238900475', '0.000000000000104238900476']
PASS even entire numerator divided by 1+beta
odd_actual_H1_Mellin_trial_Rayleigh ['0.000000000665105252693155', '0.000000000665105253432757']
PASS odd moment bounds
odd_beta ['0.000739969782224899503368', '0.000739969782224899503369']
odd_Gamma_form_error ['0.000000000000000000739601', '0.000000000000000000739602']
odd_infinite_moment_form_error ['0.000000000000000000000000', '0.000000000000000000000001']
odd_total_form_error ['0.000000000000000000739601', '0.000000000000000000739602']
odd_tail_floor ['0.734833243834667563796423', '0.734833243834667563796424']
PASS odd positive infinite-dimensional tail
odd_finite_Mellin_correction_HS_squared_upper ['0.000018303837147917943675', '0.000018303837147917943676']
odd_coupling_HS_squared ['8.040847556496107838762262', '8.040847556496107838762263']
odd_Schur_deduction_operator_upper ['10.942411253110431336419555', '10.942411253110431336419556']
odd_shear_increment_squared_upper ['14.891012818103257673485507', '14.891012818103257673485508']
odd_finite_Mellin_block_reserve_lower ['0.000000000638329082611597', '0.000000000638329082611598']
odd_Schur_LDL_pivot_3 ['0.038667696263479341076097', '0.038667696263479341076098']
odd_Schur_LDL_pivot_5 ['0.006827508042682874807472', '0.006827508042682874807473']
odd_Schur_LDL_pivot_7 ['0.013417234686136444619660', '0.013417234686136444619661']
odd_Schur_LDL_pivot_9 ['0.001570734839374522686492', '0.001570734839374522686493']
odd_Schur_LDL_pivot_11 ['0.000987112645163272080974', '0.000987112645163272080975']
odd_Schur_LDL_pivot_13 ['0.003793927328946184920470', '0.003793927328946184920471']
odd_Schur_LDL_pivot_15 ['0.004159245672945312035460', '0.004159245672945312035461']
odd_Schur_LDL_pivot_17 ['0.001426511540008623737263', '0.001426511540008623737264']
odd_Schur_LDL_pivot_19 ['0.004058457157561745720505', '0.004058457157561745720506']
odd_Schur_LDL_pivot_21 ['0.009283643823657228125794', '0.009283643823657228125795']
odd_Schur_LDL_pivot_23 ['0.007622260052575775752608', '0.007622260052575775752609']
odd_Schur_LDL_pivot_25 ['0.006946071886112469123648', '0.006946071886112469123649']
odd_Schur_LDL_pivot_27 ['0.006496464515799157313400', '0.006496464515799157313401']
odd_Schur_LDL_pivot_29 ['0.006624938986463872160571', '0.006624938986463872160572']
odd_Schur_LDL_pivot_31 ['0.027464198646044882927559', '0.027464198646044882927560']
odd_Schur_LDL_pivot_33 ['0.024025643796907890349331', '0.024025643796907890349332']
odd_Schur_LDL_pivot_35 ['0.021944562563789547754317', '0.021944562563789547754318']
odd_Schur_LDL_pivot_37 ['0.025221986509372344692681', '0.025221986509372344692682']
odd_Schur_LDL_pivot_39 ['0.028248521077598794406250', '0.028248521077598794406251']
odd_Schur_LDL_pivot_41 ['0.023308708660519130754369', '0.023308708660519130754370']
odd_Schur_LDL_pivot_43 ['0.028677801231956633805130', '0.028677801231956633805131']
odd_Schur_LDL_pivot_45 ['0.023500554492796792582165', '0.023500554492796792582166']
odd_Schur_LDL_pivot_47 ['0.022494190145687688565788', '0.022494190145687688565789']
odd_Schur_LDL_pivot_49 ['0.021098024398092896445179', '0.021098024398092896445180']
odd_Schur_LDL_pivot_51 ['0.022890728463428604021448', '0.022890728463428604021449']
odd_Schur_LDL_pivot_53 ['0.020717514646706708473891', '0.020717514646706708473892']
odd_Schur_LDL_pivot_55 ['0.021752276171057365555627', '0.021752276171057365555628']
odd_Schur_LDL_pivot_57 ['0.018495132303451335641891', '0.018495132303451335641892']
odd_Schur_LDL_pivot_59 ['0.019639344509668264262735', '0.019639344509668264262736']
odd_Schur_LDL_pivot_61 ['0.019061804955376116099428', '0.019061804955376116099429']
odd_Schur_LDL_pivot_63 ['0.015509790825337617608755', '0.015509790825337617608756']
PASS odd actual Schur positive via all rational LDL pivots
odd_Schur_inverse_trace_reserve_lower ['0.000000000563052798223254', '0.000000000563052798223255']
odd_inverse_shear_norm_squared_upper ['23.608792596544000000000000', '23.608792596544000000000000']
odd_back_transformed_gap_lower ['0.000000000023849283944562', '0.000000000023849283944563']
odd_final_normalized_gap_lower ['0.000000000023831649244260', '0.000000000023831649244261']
PASS odd entire numerator divided by 1+beta
PASS strict uniform source gap at full macro endpoint
TOTAL 15 checks PASS; verdict CLOSED
UNIFORM GAP 1/10000000000000
