REPLAY and all five SHA256 payload hashes PASS
PASS rational square-root enclosure
PASS endpoint and disjoint Prime-2 bands
PASS positive regular Gamma floor
PASS uniform polynomial Gamma error < 1/100000000
log3 ['1.098612288668', '1.098612288669']
q0 ['-1.815993378785', '-1.815993377534']
kernel_uniform_error_upper ['0.000000009866', '0.000000009867']
PASS 12-cell bound sup |g+t gprime| < 1
regular_kernel_derivative_absolute_upper ['0.250000000000', '0.250000000000']
PASS Lipschitz constant 8
PASS entire polynomial kernel norm < 1
PASS Prime-2 adjacency norm < 1
PASS low basis Qnorm ingredient 0
PASS low basis Qnorm ingredient 1
PASS even moment beta < 1
PASS even positive infinite-dimensional tail
even_moment_beta_upper ['0.001440639124', '0.001440639125']
even_moment_tail_norm_upper ['0.000000000000', '0.000000000001']
even_total_bounded_form_error_upper ['0.000000021678', '0.000000021679']
even_actual_tail_lower_bound ['1.691289253405', '1.691289254656']
PASS even all 15 finite Schur LDL pivots positive
even_ldl_pivot_2 ['0.114470397184', '0.114470397437']
even_ldl_pivot_4 ['0.012203377432', '0.012203377996']
even_ldl_pivot_6 ['0.005028901609', '0.005028917247']
even_ldl_pivot_8 ['0.063500321231', '0.063500334990']
even_ldl_pivot_10 ['0.041064458435', '0.041064805568']
even_ldl_pivot_12 ['0.054233969090', '0.054234400811']
even_ldl_pivot_14 ['0.057202274033', '0.057202625394']
even_ldl_pivot_16 ['0.062848812343', '0.062848883286']
even_ldl_pivot_18 ['0.053332819127', '0.053332864797']
even_ldl_pivot_20 ['0.057079758769', '0.057079823580']
even_ldl_pivot_22 ['0.047283913568', '0.047283960716']
even_ldl_pivot_24 ['0.049896096331', '0.049896152101']
even_ldl_pivot_26 ['0.043508895344', '0.043508928921']
even_ldl_pivot_28 ['0.042742658471', '0.042742683222']
even_ldl_pivot_30 ['0.035976124594', '0.035976136937']
PASS even actual Schur complement > 1/10000
PASS even actual full shear increment squared < 4
even_actual_coupling_HS_squared_upper ['4.089609580188', '4.089609580189']
even_actual_shear_increment_squared_upper ['1.429703795763', '1.429703797878']
PASS even final division gives gap > 1/100000
even_back_transformed_gap_lower_bound ['0.000011111111', '0.000011111112']
even_normalized_source_gap_lower_bound ['0.000011095127', '0.000011095128']
PASS odd moment beta < 1
PASS odd positive infinite-dimensional tail
odd_moment_beta_upper ['0.000159263996', '0.000159263997']
odd_moment_tail_norm_upper ['0.000000000000', '0.000000000001']
odd_total_bounded_form_error_upper ['0.000000021678', '0.000000021679']
odd_actual_tail_lower_bound ['1.721592283708', '1.721592284959']
PASS odd all 15 finite Schur LDL pivots positive
odd_ldl_pivot_3 ['0.066640590860', '0.066640591042']
odd_ldl_pivot_5 ['0.014671537131', '0.014671538029']
odd_ldl_pivot_7 ['0.092269827944', '0.092269828229']
odd_ldl_pivot_9 ['0.056210514475', '0.056210517743']
odd_ldl_pivot_11 ['0.070733073612', '0.070733077076']
odd_ldl_pivot_13 ['0.059294048587', '0.059294050813']
odd_ldl_pivot_15 ['0.067034780989', '0.067034781637']
odd_ldl_pivot_17 ['0.055855673539', '0.055855674458']
odd_ldl_pivot_19 ['0.056614540194', '0.056614540988']
odd_ldl_pivot_21 ['0.052019810505', '0.052019811015']
odd_ldl_pivot_23 ['0.048192882693', '0.048192883268']
odd_ldl_pivot_25 ['0.048338558588', '0.048338558918']
odd_ldl_pivot_27 ['0.042349010842', '0.042349011037']
odd_ldl_pivot_29 ['0.043447394886', '0.043447395076']
odd_ldl_pivot_31 ['0.033913554780', '0.033913554956']
PASS odd actual Schur complement > 1/10000
PASS odd actual full shear increment squared < 4
odd_actual_coupling_HS_squared_upper ['4.157133830900', '4.157133830901']
odd_actual_shear_increment_squared_upper ['1.402598565742', '1.402598567780']
PASS odd final division gives gap > 1/100000
odd_back_transformed_gap_lower_bound ['0.000011111111', '0.000011111112']
odd_normalized_source_gap_lower_bound ['0.000011109341', '0.000011109342']
TOTAL 22 checks PASS
UNIFORM Q_W[u] > ||u||_2^2 / 100000 for 0<a<=log(3)/2
