INHERITED restart 88; odd 51; even 41; transition 38; all-core 40; direction 31; coordinate 28; shell 43; A-gauge 9; universal 349 PASS
PASS 103 exact byte SHA256 and Git-blob input bindings match
PASS enlarged endpoint stays below one and the next active channel
PASS fixed near band contains the entire q5 input
PASS three other prime input intervals lie outside the near band
PASS three far prime input intervals remain disjoint
PASS complete near-far core-profile norm below 3.468
near_far_main_coupling_upper ['3.466789838155869225031521', '3.466789838155869225031522']
complete_core_profile_coupling_upper ['3.467302312432912285352212', '3.467302312432912285352213']
PASS pure profile floor retains two L minus seventeen
PASS profile norm and full physical factor six remain valid
PASS singular and remainder monotonicity on entire width
PASS regular polynomial model covers enlarged core-shell distances
PASS corrector approximation and shell model errors fit 110 epsilon
PASS bounded corrector weight variation fits 1100 r
PASS generic pointwise remainder coefficient dominates all linear terms
PASS outer width is one million times ca3849a
PASS endpoint range for uniform Gamma model
PASS active prime powers 2,3,4 with von Mangoldt weights
PASS positive decreasing regular Gamma floor
endpoint_a ['0.804718956217050187300379', '0.804718956217050187300380']
q0 ['-2.197830546078043655772457', '-2.197830546078043655772456']
uniform_Gamma_error ['0.000000000000000000229770', '0.000000000000000000229771']
joint_shift_operator_norm_upper ['1.674004871437481941312235', '1.674004871437481941312236']
PASS kernel and shift norms used for moment reconstruction
PASS low basis Qnorm ingredient 0
PASS even exact 31-dimensional low space and full tail
PASS global moment norm below square root two
PASS moment-corrected full high-tail coupling below 41 over 10
PASS tail physical coercivity above 0.719 with exact norm correction
even_beta ['0.006732787914843592696178', '0.006732787914843592696179']
even_moment_tail_operator_error ['0.000000000000000000000000', '0.000000000000000000000001']
even_Gamma_form_error ['0.000000000000000000739601', '0.000000000000000000739602']
even_infinite_moment_form_error ['0.000000000000000000000000', '0.000000000000000000000001']
even_total_form_error ['0.000000000000000000739601', '0.000000000000000000739602']
even_original_tail_floor ['0.719448628450052179181039', '0.719448628450052179181040']
even_physical_tail_floor_lower ['0.719448628450052179181039', '0.719448628450052179181040']
PASS even canonical original_tail_floor reproduced exactly
PASS even canonical coupling_HS_squared reproduced exactly
PASS even canonical total_form_error reproduced exactly
PASS even entire high-profile norm below 347 over 100
PASS even exact moment ratios bounded by two
PASS even low derivative norm below 100000
PASS even regular model derivative below ten
even_regular_model_derivative_upper ['0.231214944765991732963589', '0.231214944765991732963590']
PASS exact 0 corrector normalization positive
even_log_vector_2 ['-0.779869634321444925106599', '-0.779869634321444925106598']
even_constant_vector_2 ['1.791015501059409774211369', '1.791015501059409774211370']
even_model_corrector_functional_2 ['-0.004994957514610923906067', '-0.004994957514610923906066']
even_log_vector_4 ['-0.788226575809821271410607', '-0.788226575809821271410606']
even_constant_vector_4 ['2.178226001024588489297978', '2.178226001024588489297979']
even_model_corrector_functional_4 ['-0.003035424943342185085732', '-0.003035424943342185085731']
even_log_vector_6 ['-0.788247991668008476362834', '-0.788247991668008476362833']
even_constant_vector_6 ['2.736889088093689914441261', '2.736889088093689914441262']
even_model_corrector_functional_6 ['0.001865841007314542782315', '0.001865841007314542782316']
even_log_vector_8 ['-0.788248015877866215296519', '-0.788248015877866215296518']
even_constant_vector_8 ['3.199394862881414272293815', '3.199394862881414272293816']
even_model_corrector_functional_8 ['0.004842046909338388554853', '0.004842046909338388554854']
even_log_vector_10 ['-0.788248015893222525526425', '-0.788248015893222525526424']
even_constant_vector_10 ['3.230911656544836923540688', '3.230911656544836923540689']
even_model_corrector_functional_10 ['-0.003309423969347606845740', '-0.003309423969347606845739']
even_log_vector_12 ['-0.788248015893228752466993', '-0.788248015893228752466992']
even_constant_vector_12 ['3.909441781941423812714500', '3.909441781941423812714501']
even_model_corrector_functional_12 ['0.000778615561792289790462', '0.000778615561792289790463']
even_log_vector_14 ['-0.788248015893228754219426', '-0.788248015893228754219425']
even_constant_vector_14 ['4.159463816904332329683983', '4.159463816904332329683984']
even_model_corrector_functional_14 ['-0.004926072859699647627150', '-0.004926072859699647627149']
even_log_vector_16 ['-0.788248015893228754219789', '-0.788248015893228754219788']
even_constant_vector_16 ['3.997079632033616082894279', '3.997079632033616082894280']
even_model_corrector_functional_16 ['0.003765655498046746527934', '0.003765655498046746527935']
even_log_vector_18 ['-0.788248015893228754219789', '-0.788248015893228754219788']
even_constant_vector_18 ['4.321713170820165418421899', '4.321713170820165418421900']
even_model_corrector_functional_18 ['-0.001541613950555009618757', '-0.001541613950555009618756']
even_log_vector_20 ['-0.788248015893228754219789', '-0.788248015893228754219788']
even_constant_vector_20 ['4.708478051350902966932386', '4.708478051350902966932387']
even_model_corrector_functional_20 ['0.001465202385191848907033', '0.001465202385191848907034']
even_log_vector_22 ['-0.788248015893228754219789', '-0.788248015893228754219788']
even_constant_vector_22 ['4.548412026734293565319371', '4.548412026734293565319372']
even_model_corrector_functional_22 ['-0.001046740677491405801812', '-0.001046740677491405801811']
even_log_vector_24 ['-0.788248015893228754219789', '-0.788248015893228754219788']
even_constant_vector_24 ['5.037726861536631782806353', '5.037726861536631782806354']
even_model_corrector_functional_24 ['0.000267031390187402424649', '0.000267031390187402424650']
even_log_vector_26 ['-0.788248015893228754219789', '-0.788248015893228754219788']
even_constant_vector_26 ['4.612260560686325789890950', '4.612260560686325789890951']
even_model_corrector_functional_26 ['-0.000557934250598768638452', '-0.000557934250598768638451']
even_log_vector_28 ['-0.788248015893228754219789', '-0.788248015893228754219788']
even_constant_vector_28 ['5.236387681186757778844273', '5.236387681186757778844274']
even_model_corrector_functional_28 ['0.000682659202337051136140', '0.000682659202337051136141']
even_log_vector_30 ['-0.788248015893228754219789', '-0.788248015893228754219788']
even_constant_vector_30 ['5.256613368052672446211720', '5.256613368052672446211721']
even_model_corrector_functional_30 ['-0.000782257143667234165049', '-0.000782257143667234165048']
even_log_vector_32 ['-0.788248015893228754219789', '-0.788248015893228754219788']
even_constant_vector_32 ['5.110322608187515629025527', '5.110322608187515629025528']
even_model_corrector_functional_32 ['0.001064398852194896207593', '0.001064398852194896207594']
even_log_vector_34 ['-0.788248015893228754219789', '-0.788248015893228754219788']
even_constant_vector_34 ['5.418714415646039203074128', '5.418714415646039203074129']
even_model_corrector_functional_34 ['-0.000880336662557089332820', '-0.000880336662557089332819']
even_log_vector_36 ['-0.788248015893228754219789', '-0.788248015893228754219788']
even_constant_vector_36 ['5.375391030837967839691348', '5.375391030837967839691349']
even_model_corrector_functional_36 ['0.000610405602479084773678', '0.000610405602479084773679']
even_log_vector_38 ['-0.788248015893228754219789', '-0.788248015893228754219788']
even_constant_vector_38 ['5.637560865604872884064021', '5.637560865604872884064022']
even_model_corrector_functional_38 ['-0.000697375787685763494014', '-0.000697375787685763494013']
even_log_vector_40 ['-0.788248015893228754219789', '-0.788248015893228754219788']
even_constant_vector_40 ['5.619945456373461202992822', '5.619945456373461202992823']
even_model_corrector_functional_40 ['0.000522828355613288863282', '0.000522828355613288863283']
even_log_vector_42 ['-0.788248015893228754219789', '-0.788248015893228754219788']
even_constant_vector_42 ['5.572173454352424170779966', '5.572173454352424170779967']
even_model_corrector_functional_42 ['-0.000311599497878073373270', '-0.000311599497878073373269']
even_log_vector_44 ['-0.788248015893228754219789', '-0.788248015893228754219788']
even_constant_vector_44 ['5.754279772869750685996641', '5.754279772869750685996642']
even_model_corrector_functional_44 ['0.000459235085788772186144', '0.000459235085788772186145']
even_log_vector_46 ['-0.788248015893228754219789', '-0.788248015893228754219788']
even_constant_vector_46 ['6.007144672750196458210048', '6.007144672750196458210049']
even_model_corrector_functional_46 ['-0.000525403095599522819033', '-0.000525403095599522819032']
even_log_vector_48 ['-0.788248015893228754219789', '-0.788248015893228754219788']
even_constant_vector_48 ['5.717970694847073663622403', '5.717970694847073663622404']
even_model_corrector_functional_48 ['0.000421759258707237502378', '0.000421759258707237502379']
even_log_vector_50 ['-0.788248015893228754219789', '-0.788248015893228754219788']
even_constant_vector_50 ['6.065647680645458460739354', '6.065647680645458460739355']
even_model_corrector_functional_50 ['-0.000440257871777244061189', '-0.000440257871777244061188']
even_log_vector_52 ['-0.788248015893228754219789', '-0.788248015893228754219788']
even_constant_vector_52 ['5.893406659202528776794480', '5.893406659202528776794481']
even_model_corrector_functional_52 ['0.000394926913780915773871', '0.000394926913780915773872']
even_log_vector_54 ['-0.788248015893228754219789', '-0.788248015893228754219788']
even_constant_vector_54 ['6.177262268071410837128331', '6.177262268071410837128332']
even_model_corrector_functional_54 ['-0.000271064390724623279060', '-0.000271064390724623279059']
even_log_vector_56 ['-0.788248015893228754219789', '-0.788248015893228754219788']
even_constant_vector_56 ['6.212529626554995325162300', '6.212529626554995325162301']
even_model_corrector_functional_56 ['0.000227163390855736073297', '0.000227163390855736073298']
even_log_vector_58 ['-0.788248015893228754219789', '-0.788248015893228754219788']
even_constant_vector_58 ['5.992308801985669122821294', '5.992308801985669122821295']
even_model_corrector_functional_58 ['-0.000166699347747360636370', '-0.000166699347747360636369']
even_log_vector_60 ['-0.788248015893228754219789', '-0.788248015893228754219788']
even_constant_vector_60 ['6.359716484935494211802764', '6.359716484935494211802765']
even_model_corrector_functional_60 ['0.000124674949326073520521', '0.000124674949326073520522']
even_log_vector_62 ['-0.788248015893228754219789', '-0.788248015893228754219788']
even_constant_vector_62 ['6.280733620299977002540133', '6.280733620299977002540134']
even_model_corrector_functional_62 ['-0.000191637022034547016771', '-0.000191637022034547016770']
PASS even_window_1 tail and residual profile floors positive
PASS even_window_1 all 31 full-tail comparison pivots strictly positive
even_window_1_LDL_pivot_2 ['0.070028211088811068341830', '0.070028211088811068341831']
even_window_1_LDL_pivot_4 ['0.005006139404934826902676', '0.005006139404934826902677']
even_window_1_LDL_pivot_6 ['0.000988414068278620439936', '0.000988414068278620439937']
even_window_1_LDL_pivot_8 ['0.003202638825949975379282', '0.003202638825949975379283']
even_window_1_LDL_pivot_10 ['0.000405198596622083159034', '0.000405198596622083159035']
even_window_1_LDL_pivot_12 ['0.000322507411770556109059', '0.000322507411770556109060']
even_window_1_LDL_pivot_14 ['0.001672676357396495789743', '0.001672676357396495789744']
even_window_1_LDL_pivot_16 ['0.002423645353566625785328', '0.002423645353566625785329']
even_window_1_LDL_pivot_18 ['0.000564994258157521203464', '0.000564994258157521203465']
even_window_1_LDL_pivot_20 ['0.001926662774943006461945', '0.001926662774943006461946']
even_window_1_LDL_pivot_22 ['0.004110692438089617246915', '0.004110692438089617246916']
even_window_1_LDL_pivot_24 ['0.004225433520157554855330', '0.004225433520157554855331']
even_window_1_LDL_pivot_26 ['0.005122581617054904084414', '0.005122581617054904084415']
even_window_1_LDL_pivot_28 ['0.003943175902275317310902', '0.003943175902275317310903']
even_window_1_LDL_pivot_30 ['0.002955984907258127937138', '0.002955984907258127937139']
even_window_1_LDL_pivot_32 ['0.020168509850205366090189', '0.020168509850205366090190']
even_window_1_LDL_pivot_34 ['0.019531755087169240183845', '0.019531755087169240183846']
even_window_1_LDL_pivot_36 ['0.016207480996476475439649', '0.016207480996476475439650']
even_window_1_LDL_pivot_38 ['0.020824121420051527827726', '0.020824121420051527827727']
even_window_1_LDL_pivot_40 ['0.023622392528404075320891', '0.023622392528404075320892']
even_window_1_LDL_pivot_42 ['0.021950335464451362844771', '0.021950335464451362844772']
even_window_1_LDL_pivot_44 ['0.020678635295379199714702', '0.020678635295379199714703']
even_window_1_LDL_pivot_46 ['0.021562388235132467912723', '0.021562388235132467912724']
even_window_1_LDL_pivot_48 ['0.014977833495677501601739', '0.014977833495677501601740']
even_window_1_LDL_pivot_50 ['0.017262368529618035599688', '0.017262368529618035599689']
even_window_1_LDL_pivot_52 ['0.019565363319411709678283', '0.019565363319411709678284']
even_window_1_LDL_pivot_54 ['0.015075072594620096033143', '0.015075072594620096033144']
even_window_1_LDL_pivot_56 ['0.015258273849327037451005', '0.015258273849327037451006']
even_window_1_LDL_pivot_58 ['0.014470987681519919740739', '0.014470987681519919740740']
even_window_1_LDL_pivot_60 ['0.013725760766188261176568', '0.013725760766188261176569']
even_window_1_LDL_pivot_62 ['0.002190024668020232859923', '0.002190024668020232859924']
PASS even_window_1 rank-two exact integrated energy positive
PASS even_window_1 adaptive low-profile loss below one thousandth
PASS even_window_1 narrow adaptive loss below one millionth
PASS even_window_1 complete physical gap exceeds published bound
even_window_1_width ['0.000000000000100000000000', '0.000000000000100000000000']
even_window_1_tail_profile_payment ['44.000000000000000000000000', '44.000000000000000000000000']
even_window_1_effective_tail_floor ['0.445791810268233997362857', '0.445791810268233997362858']
even_window_1_remaining_profile_floor ['0.253506778965078403302242', '0.253506778965078403302243']
even_window_1_low_inverse_trace_reserve ['0.000000000001426593442602', '0.000000000001426593442603']
even_window_1_dual_log_squared ['2057.946683457863151982439824', '2057.946683457863151982439825']
even_window_1_dual_log_constant_mixed ['-13457.363119013775321654626046', '-13457.363119013775321654626045']
even_window_1_dual_constant_squared ['93597.635287695399130003740584', '93597.635287695399130003740585']
even_window_1_integrated_main_energy ['0.000000128055765657800139', '0.000000128055765657800140']
even_window_1_pointwise_remainder_upper ['0.000001218802601709750891', '0.000001218802601709750892']
even_window_1_integrated_remainder_energy ['0.000000000000104127759007', '0.000000000000104127759008']
even_window_1_adaptive_low_profile_relative_loss ['0.000000506048862184964182', '0.000000506048862184964183']
even_window_1_comparison_inverse_shear_squared ['54.487846337519574212472261', '54.487846337519574212472262']
even_window_1_physical_gap_lower ['0.000000000000004363641975', '0.000000000000004363641976']
even_window_1_published_physical_gap ['0.000000000000004000000000', '0.000000000000004000000000']
PASS even_window_2 tail and residual profile floors positive
PASS even_window_2 all 31 full-tail comparison pivots strictly positive
even_window_2_LDL_pivot_2 ['0.069664873199258298715199', '0.069664873199258298715200']
even_window_2_LDL_pivot_4 ['0.004995529429311989671406', '0.004995529429311989671407']
even_window_2_LDL_pivot_6 ['0.000981781698743608890233', '0.000981781698743608890234']
even_window_2_LDL_pivot_8 ['0.003191845133770782485180', '0.003191845133770782485181']
even_window_2_LDL_pivot_10 ['0.000402297257025782381495', '0.000402297257025782381496']
even_window_2_LDL_pivot_12 ['0.000320216299790213021763', '0.000320216299790213021764']
even_window_2_LDL_pivot_14 ['0.001663543514204022139396', '0.001663543514204022139397']
even_window_2_LDL_pivot_16 ['0.002403703110973185554198', '0.002403703110973185554199']
even_window_2_LDL_pivot_18 ['0.000556620506523533784315', '0.000556620506523533784316']
even_window_2_LDL_pivot_20 ['0.001909853457737565508851', '0.001909853457737565508852']
even_window_2_LDL_pivot_22 ['0.004028718242121340094903', '0.004028718242121340094904']
even_window_2_LDL_pivot_24 ['0.004162275057454401027491', '0.004162275057454401027492']
even_window_2_LDL_pivot_26 ['0.005066776344185627293848', '0.005066776344185627293849']
even_window_2_LDL_pivot_28 ['0.003870775046312594739285', '0.003870775046312594739286']
even_window_2_LDL_pivot_30 ['0.002886087512061898054651', '0.002886087512061898054652']
even_window_2_LDL_pivot_32 ['0.019655594596806543114362', '0.019655594596806543114363']
even_window_2_LDL_pivot_34 ['0.019225225317684103243043', '0.019225225317684103243044']
even_window_2_LDL_pivot_36 ['0.015884676091334119481239', '0.015884676091334119481240']
even_window_2_LDL_pivot_38 ['0.020320645444653987559507', '0.020320645444653987559508']
even_window_2_LDL_pivot_40 ['0.023205876482892848226372', '0.023205876482892848226373']
even_window_2_LDL_pivot_42 ['0.021595976363507836448356', '0.021595976363507836448357']
even_window_2_LDL_pivot_44 ['0.019928071913010088605746', '0.019928071913010088605747']
even_window_2_LDL_pivot_46 ['0.021201351843734893942766', '0.021201351843734893942767']
even_window_2_LDL_pivot_48 ['0.014279332693923890097920', '0.014279332693923890097921']
even_window_2_LDL_pivot_50 ['0.016623479688047107759438', '0.016623479688047107759439']
even_window_2_LDL_pivot_52 ['0.018915674529950889366823', '0.018915674529950889366824']
even_window_2_LDL_pivot_54 ['0.014341634855152683325077', '0.014341634855152683325078']
even_window_2_LDL_pivot_56 ['0.014549373594975957664074', '0.014549373594975957664075']
even_window_2_LDL_pivot_58 ['0.013616613001369763004108', '0.013616613001369763004109']
even_window_2_LDL_pivot_60 ['0.012762092233601741908940', '0.012762092233601741908941']
even_window_2_LDL_pivot_62 ['0.000264740036774510876099', '0.000264740036774510876100']
PASS even_window_2 rank-two exact integrated energy positive
PASS even_window_2 adaptive low-profile loss below one thousandth
PASS even_window_2 complete physical gap exceeds published bound
even_window_2_width ['0.000000000000500000000000', '0.000000000000500000000000']
even_window_2_tail_profile_payment ['41.000000000000000000000000', '41.000000000000000000000000']
even_window_2_effective_tail_floor ['0.425768140645174130400551', '0.425768140645174130400552']
even_window_2_remaining_profile_floor ['0.034630954096877654100723', '0.034630954096877654100724']
even_window_2_low_inverse_trace_reserve ['0.000000000000392580750283', '0.000000000000392580750284']
even_window_2_dual_log_squared ['16144.882879743288119661094549', '16144.882879743288119661094550']
even_window_2_dual_log_constant_mixed ['-106508.488358477380883750412959', '-106508.488358477380883750412958']
even_window_2_dual_constant_squared ['708801.050858907184762250690776', '708801.050858907184762250690777']
even_window_2_integrated_main_energy ['0.000004357190873668135132', '0.000004357190873668135133']
even_window_2_pointwise_remainder_upper ['0.000005852597321582540539', '0.000005852597321582540540']
even_window_2_integrated_remainder_energy ['0.000000000043625286496879', '0.000000000043625286496880']
even_window_2_adaptive_low_profile_relative_loss ['0.000126615300744347946389', '0.000126615300744347946390']
even_window_2_comparison_inverse_shear_squared ['59.014196761650733533142657', '59.014196761650733533142658']
even_window_2_physical_gap_lower ['0.000000000000001108578006', '0.000000000000001108578007']
even_window_2_published_physical_gap ['0.000000000000001000000000', '0.000000000000001000000000']
PASS endpoint range for uniform Gamma model
PASS active prime powers 2,3,4 with von Mangoldt weights
PASS positive decreasing regular Gamma floor
endpoint_a ['0.804718956217050187300379', '0.804718956217050187300380']
q0 ['-2.197830546078043655772457', '-2.197830546078043655772456']
uniform_Gamma_error ['0.000000000000000000229770', '0.000000000000000000229771']
joint_shift_operator_norm_upper ['1.674004871437481941312235', '1.674004871437481941312236']
PASS kernel and shift norms used for moment reconstruction
PASS low basis Qnorm ingredient 1
PASS odd exact 31-dimensional low space and full tail
PASS global moment norm below square root two
PASS moment-corrected full high-tail coupling below 41 over 10
PASS tail physical coercivity above 0.719 with exact norm correction
odd_beta ['0.000739969782224899503368', '0.000739969782224899503369']
odd_moment_tail_operator_error ['0.000000000000000000000000', '0.000000000000000000000001']
odd_Gamma_form_error ['0.000000000000000000739601', '0.000000000000000000739602']
odd_infinite_moment_form_error ['0.000000000000000000000000', '0.000000000000000000000001']
odd_total_form_error ['0.000000000000000000739601', '0.000000000000000000739602']
odd_original_tail_floor ['0.734833243834667563796423', '0.734833243834667563796424']
odd_physical_tail_floor_lower ['0.734833243834667563796423', '0.734833243834667563796424']
PASS odd canonical original_tail_floor reproduced exactly
PASS odd canonical coupling_HS_squared reproduced exactly
PASS odd canonical total_form_error reproduced exactly
PASS odd entire high-profile norm below 347 over 100
PASS odd exact moment ratios bounded by two
PASS odd low derivative norm below 100000
PASS odd regular model derivative below ten
odd_regular_model_derivative_upper ['0.231214944765991732963589', '0.231214944765991732963590']
PASS exact 1 corrector normalization positive
odd_log_vector_3 ['-0.784627991876808170464410', '-0.784627991876808170464409']
odd_constant_vector_3 ['3.702263217649601248054576', '3.702263217649601248054577']
odd_model_corrector_functional_3 ['-0.094790652354589374823413', '-0.094790652354589374823412']
odd_log_vector_5 ['-0.788242112456301561421037', '-0.788242112456301561421036']
odd_constant_vector_5 ['4.708750390244910184512136', '4.708750390244910184512137']
odd_model_corrector_functional_5 ['-0.154406826919188753160234', '-0.154406826919188753160233']
odd_log_vector_7 ['-0.788248010999238403030896', '-0.788248010999238403030895']
odd_constant_vector_7 ['5.401619628083292038150918', '5.401619628083292038150919']
odd_model_corrector_functional_7 ['-0.102450068225908734958774', '-0.102450068225908734958773']
odd_log_vector_9 ['-0.788248015890778024561209', '-0.788248015890778024561208']
odd_constant_vector_9 ['5.432523009953568732744206', '5.432523009953568732744207']
odd_model_corrector_functional_9 ['0.064575148440460370026847', '0.064575148440460370026848']
odd_log_vector_11 ['-0.788248015893227933284329', '-0.788248015893227933284328']
odd_constant_vector_11 ['6.319188534835613209123352', '6.319188534835613209123353']
odd_model_corrector_functional_11 ['-0.088915291804431717123863', '-0.088915291804431717123862']
odd_log_vector_13 ['-0.788248015893228754022982', '-0.788248015893228754022981']
odd_constant_vector_13 ['5.603818648090331344363722', '5.603818648090331344363723']
odd_model_corrector_functional_13 ['0.071124177229190614764348', '0.071124177229190614764349']
odd_log_vector_15 ['-0.788248015893228754219753', '-0.788248015893228754219752']
odd_constant_vector_15 ['6.616096408147189190640139', '6.616096408147189190640140']
odd_model_corrector_functional_15 ['-0.039028417326458009781224', '-0.039028417326458009781223']
odd_log_vector_17 ['-0.788248015893228754219789', '-0.788248015893228754219788']
odd_constant_vector_17 ['6.636111601118212372367502', '6.636111601118212372367503']
odd_model_corrector_functional_17 ['0.003477214653289928020429', '0.003477214653289928020430']
odd_log_vector_19 ['-0.788248015893228754219789', '-0.788248015893228754219788']
odd_constant_vector_19 ['6.631974211753293816733548', '6.631974211753293816733549']
odd_model_corrector_functional_19 ['0.003150858588536024055452', '0.003150858588536024055453']
odd_log_vector_21 ['-0.788248015893228754219789', '-0.788248015893228754219788']
odd_constant_vector_21 ['6.925767633813729527026351', '6.925767633813729527026352']
odd_model_corrector_functional_21 ['-0.003656092729747651911406', '-0.003656092729747651911405']
odd_log_vector_23 ['-0.788248015893228754219789', '-0.788248015893228754219788']
odd_constant_vector_23 ['6.887332771527534599860068', '6.887332771527534599860069']
odd_model_corrector_functional_23 ['0.004696730694027960088415', '0.004696730694027960088416']
odd_log_vector_25 ['-0.788248015893228754219789', '-0.788248015893228754219788']
odd_constant_vector_25 ['7.284520295013374858390649', '7.284520295013374858390650']
odd_model_corrector_functional_25 ['-0.003580852505537417544183', '-0.003580852505537417544182']
odd_log_vector_27 ['-0.788248015893228754219789', '-0.788248015893228754219788']
odd_constant_vector_27 ['7.337501370580818474129454', '7.337501370580818474129455']
odd_model_corrector_functional_27 ['-0.002232265130021037621369', '-0.002232265130021037621368']
odd_log_vector_29 ['-0.788248015893228754219789', '-0.788248015893228754219788']
odd_constant_vector_29 ['7.227174999475946992594788', '7.227174999475946992594789']
odd_model_corrector_functional_29 ['0.003543677202653169495552', '0.003543677202653169495553']
odd_log_vector_31 ['-0.788248015893228754219789', '-0.788248015893228754219788']
odd_constant_vector_31 ['7.454971624762471298305911', '7.454971624762471298305912']
odd_model_corrector_functional_31 ['-0.000366745438774247450801', '-0.000366745438774247450800']
odd_log_vector_33 ['-0.788248015893228754219789', '-0.788248015893228754219788']
odd_constant_vector_33 ['7.767768394624877775274507', '7.767768394624877775274508']
odd_model_corrector_functional_33 ['-0.002849066905223227126776', '-0.002849066905223227126775']
odd_log_vector_35 ['-0.788248015893228754219789', '-0.788248015893228754219788']
odd_constant_vector_35 ['7.513841201440043425425457', '7.513841201440043425425458']
odd_model_corrector_functional_35 ['0.003100213534367717563538', '0.003100213534367717563539']
odd_log_vector_37 ['-0.788248015893228754219789', '-0.788248015893228754219788']
odd_constant_vector_37 ['7.905229701450128913970771', '7.905229701450128913970772']
odd_model_corrector_functional_37 ['-0.003000013611277033513586', '-0.003000013611277033513585']
odd_log_vector_39 ['-0.788248015893228754219789', '-0.788248015893228754219788']
odd_constant_vector_39 ['7.623696659739427432363727', '7.623696659739427432363728']
odd_model_corrector_functional_39 ['0.002896269506476504943048', '0.002896269506476504943049']
odd_log_vector_41 ['-0.788248015893228754219789', '-0.788248015893228754219788']
odd_constant_vector_41 ['8.060258611148751276095812', '8.060258611148751276095813']
odd_model_corrector_functional_41 ['-0.001519299742681986681964', '-0.001519299742681986681963']
odd_log_vector_43 ['-0.788248015893228754219789', '-0.788248015893228754219788']
odd_constant_vector_43 ['8.081119355662581418351656', '8.081119355662581418351657']
odd_model_corrector_functional_43 ['-0.001121692797611070762909', '-0.001121692797611070762908']
odd_log_vector_45 ['-0.788248015893228754219789', '-0.788248015893228754219788']
odd_constant_vector_45 ['7.876901141476755745058030', '7.876901141476755745058031']
odd_model_corrector_functional_45 ['0.002251553878202728228593', '0.002251553878202728228594']
odd_log_vector_47 ['-0.788248015893228754219789', '-0.788248015893228754219788']
odd_constant_vector_47 ['8.219582045619439540191223', '8.219582045619439540191224']
odd_model_corrector_functional_47 ['-0.001615882630760173477214', '-0.001615882630760173477213']
odd_log_vector_49 ['-0.788248015893228754219789', '-0.788248015893228754219788']
odd_constant_vector_49 ['8.162720704092145251069448', '8.162720704092145251069449']
odd_model_corrector_functional_49 ['0.000924358474176960750876', '0.000924358474176960750877']
odd_log_vector_51 ['-0.788248015893228754219789', '-0.788248015893228754219788']
odd_constant_vector_51 ['8.330346226520088080268281', '8.330346226520088080268282']
odd_model_corrector_functional_51 ['-0.000812448556633851559467', '-0.000812448556633851559466']
odd_log_vector_53 ['-0.788248015893228754219789', '-0.788248015893228754219788']
odd_constant_vector_53 ['8.294481122756680195797348', '8.294481122756680195797349']
odd_model_corrector_functional_53 ['0.000295626489714870899962', '0.000295626489714870899963']
odd_log_vector_55 ['-0.788248015893228754219789', '-0.788248015893228754219788']
odd_constant_vector_55 ['8.301051168910229254139692', '8.301051168910229254139693']
odd_model_corrector_functional_55 ['0.000191804815568611708949', '0.000191804815568611708950']
odd_log_vector_57 ['-0.788248015893228754219789', '-0.788248015893228754219788']
odd_constant_vector_57 ['8.446419141130926787184717', '8.446419141130926787184718']
odd_model_corrector_functional_57 ['0.000199372021922966636563', '0.000199372021922966636564']
odd_log_vector_59 ['-0.788248015893228754219789', '-0.788248015893228754219788']
odd_constant_vector_59 ['8.641678115411887451476446', '8.641678115411887451476447']
odd_model_corrector_functional_59 ['-0.001078617803560375722326', '-0.001078617803560375722325']
odd_log_vector_61 ['-0.788248015893228754219789', '-0.788248015893228754219788']
odd_constant_vector_61 ['8.351428451715926096098354', '8.351428451715926096098355']
odd_model_corrector_functional_61 ['0.001276048408373808118743', '0.001276048408373808118744']
odd_log_vector_63 ['-0.788248015893228754219789', '-0.788248015893228754219788']
odd_constant_vector_63 ['8.678362210068167960650062', '8.678362210068167960650063']
odd_model_corrector_functional_63 ['-0.000865766551532180354189', '-0.000865766551532180354188']
PASS odd_window_1 tail and residual profile floors positive
PASS odd_window_1 all 31 full-tail comparison pivots strictly positive
odd_window_1_LDL_pivot_3 ['0.035942108225528852540337', '0.035942108225528852540338']
odd_window_1_LDL_pivot_5 ['0.006741701578385874735116', '0.006741701578385874735117']
odd_window_1_LDL_pivot_7 ['0.012615968501148976524374', '0.012615968501148976524375']
odd_window_1_LDL_pivot_9 ['0.001536543645895104274465', '0.001536543645895104274466']
odd_window_1_LDL_pivot_11 ['0.000905721562756895462379', '0.000905721562756895462380']
odd_window_1_LDL_pivot_13 ['0.003642042537138219303141', '0.003642042537138219303142']
odd_window_1_LDL_pivot_15 ['0.003964190413932659724509', '0.003964190413932659724510']
odd_window_1_LDL_pivot_17 ['0.001348211803906032613214', '0.001348211803906032613215']
odd_window_1_LDL_pivot_19 ['0.003674414145208629695241', '0.003674414145208629695242']
odd_window_1_LDL_pivot_21 ['0.008783536372483114551116', '0.008783536372483114551117']
odd_window_1_LDL_pivot_23 ['0.006956460724778144248990', '0.006956460724778144248991']
odd_window_1_LDL_pivot_25 ['0.006435234085143056539631', '0.006435234085143056539632']
odd_window_1_LDL_pivot_27 ['0.005949319172473636945246', '0.005949319172473636945247']
odd_window_1_LDL_pivot_29 ['0.006001736319227391248332', '0.006001736319227391248333']
odd_window_1_LDL_pivot_31 ['0.025528867941559006902093', '0.025528867941559006902094']
odd_window_1_LDL_pivot_33 ['0.021749013295434079734880', '0.021749013295434079734881']
odd_window_1_LDL_pivot_35 ['0.019581705703622335270749', '0.019581705703622335270750']
odd_window_1_LDL_pivot_37 ['0.023086969190919451003713', '0.023086969190919451003714']
odd_window_1_LDL_pivot_39 ['0.025347553539718895025445', '0.025347553539718895025446']
odd_window_1_LDL_pivot_41 ['0.019913670296418258004639', '0.019913670296418258004640']
odd_window_1_LDL_pivot_43 ['0.025877680654577932304687', '0.025877680654577932304688']
odd_window_1_LDL_pivot_45 ['0.020022754760233249506655', '0.020022754760233249506656']
odd_window_1_LDL_pivot_47 ['0.018599217662879075611817', '0.018599217662879075611818']
odd_window_1_LDL_pivot_49 ['0.018528534814559329732568', '0.018528534814559329732569']
odd_window_1_LDL_pivot_51 ['0.018406822561149607895148', '0.018406822561149607895149']
odd_window_1_LDL_pivot_53 ['0.016620470223340882015464', '0.016620470223340882015465']
odd_window_1_LDL_pivot_55 ['0.018692066491219346974190', '0.018692066491219346974191']
odd_window_1_LDL_pivot_57 ['0.014135007595250887055974', '0.014135007595250887055975']
odd_window_1_LDL_pivot_59 ['0.015162004879879981823396', '0.015162004879879981823397']
odd_window_1_LDL_pivot_61 ['0.014631910004582033098631', '0.014631910004582033098632']
odd_window_1_LDL_pivot_63 ['0.007643523761087640727323', '0.007643523761087640727324']
PASS odd_window_1 rank-two exact integrated energy positive
PASS odd_window_1 adaptive low-profile loss below one thousandth
PASS odd_window_1 narrow adaptive loss below one millionth
PASS odd_window_1 complete physical gap exceeds published bound
odd_window_1_width ['0.000000000000100000000000', '0.000000000000100000000000']
odd_window_1_tail_profile_payment ['44.000000000000000000000000', '44.000000000000000000000000']
odd_window_1_effective_tail_floor ['0.461176425652849381978241', '0.461176425652849381978242']
odd_window_1_remaining_profile_floor ['0.253506778965078403302242', '0.253506778965078403302243']
odd_window_1_low_inverse_trace_reserve ['0.000000000492477098436636', '0.000000000492477098436637']
odd_window_1_dual_log_squared ['903.570711029883539041461701', '903.570711029883539041461702']
odd_window_1_dual_log_constant_mixed ['-8249.851677703487399552034534', '-8249.851677703487399552034533']
odd_window_1_dual_constant_squared ['82794.724069093534744568469704', '82794.724069093534744568469705']
odd_window_1_integrated_main_energy ['0.000000045687423818711413', '0.000000045687423818711414']
odd_window_1_pointwise_remainder_upper ['0.000001218802601709750891', '0.000001218802601709750892']
odd_window_1_integrated_remainder_energy ['0.000000000000000301634286', '0.000000000000000301634287']
odd_window_1_adaptive_low_profile_relative_loss ['0.000000180250993019031626', '0.000000180250993019031627']
odd_window_1_comparison_inverse_shear_squared ['51.104080729013456074973716', '51.104080729013456074973717']
odd_window_1_physical_gap_lower ['0.000000000001606124216311', '0.000000000001606124216312']
odd_window_1_published_physical_gap ['0.000000000001000000000000', '0.000000000001000000000000']
PASS odd_window_2 tail and residual profile floors positive
PASS odd_window_2 all 31 full-tail comparison pivots strictly positive
odd_window_2_LDL_pivot_3 ['0.035609909921187536244382', '0.035609909921187536244383']
odd_window_2_LDL_pivot_5 ['0.006730501779464460054670', '0.006730501779464460054671']
odd_window_2_LDL_pivot_7 ['0.012508913928874270095172', '0.012508913928874270095173']
odd_window_2_LDL_pivot_9 ['0.001532147965736810063468', '0.001532147965736810063469']
odd_window_2_LDL_pivot_11 ['0.000893980244578398789977', '0.000893980244578398789978']
odd_window_2_LDL_pivot_13 ['0.003622589532086208783867', '0.003622589532086208783868']
odd_window_2_LDL_pivot_15 ['0.003936583934905559900725', '0.003936583934905559900726']
odd_window_2_LDL_pivot_17 ['0.001337032923028034414408', '0.001337032923028034414409']
odd_window_2_LDL_pivot_19 ['0.003620450525242785306351', '0.003620450525242785306352']
odd_window_2_LDL_pivot_21 ['0.008716366894966932452117', '0.008716366894966932452118']
odd_window_2_LDL_pivot_23 ['0.006857958991433140852288', '0.006857958991433140852289']
odd_window_2_LDL_pivot_25 ['0.006367646771425338638355', '0.006367646771425338638356']
odd_window_2_LDL_pivot_27 ['0.005870825266472791570945', '0.005870825266472791570946']
odd_window_2_LDL_pivot_29 ['0.005914828237150982032461', '0.005914828237150982032462']
odd_window_2_LDL_pivot_31 ['0.025265527757354027144291', '0.025265527757354027144292']
odd_window_2_LDL_pivot_33 ['0.021447820913502576143669', '0.021447820913502576143670']
odd_window_2_LDL_pivot_35 ['0.019255572536562190079073', '0.019255572536562190079074']
odd_window_2_LDL_pivot_37 ['0.022780116773468742407915', '0.022780116773468742407916']
odd_window_2_LDL_pivot_39 ['0.024974231853254192214903', '0.024974231853254192214904']
odd_window_2_LDL_pivot_41 ['0.019432971019950770660224', '0.019432971019950770660225']
odd_window_2_LDL_pivot_43 ['0.025468080588691563242733', '0.025468080588691563242734']
odd_window_2_LDL_pivot_45 ['0.019560679650169800741580', '0.019560679650169800741581']
odd_window_2_LDL_pivot_47 ['0.017998537715813368765059', '0.017998537715813368765060']
odd_window_2_LDL_pivot_49 ['0.018184129930526917437809', '0.018184129930526917437810']
odd_window_2_LDL_pivot_51 ['0.017679829541386323486774', '0.017679829541386323486775']
odd_window_2_LDL_pivot_53 ['0.016047312850540223906762', '0.016047312850540223906763']
odd_window_2_LDL_pivot_55 ['0.018227325517154311134230', '0.018227325517154311134231']
odd_window_2_LDL_pivot_57 ['0.013511035693045356009867', '0.013511035693045356009868']
odd_window_2_LDL_pivot_59 ['0.014525287232576784982827', '0.014525287232576784982828']
odd_window_2_LDL_pivot_61 ['0.013842015133400960226594', '0.013842015133400960226595']
odd_window_2_LDL_pivot_63 ['0.005993396979616319947642', '0.005993396979616319947643']
PASS odd_window_2 rank-two exact integrated energy positive
PASS odd_window_2 adaptive low-profile loss below one thousandth
PASS odd_window_2 complete physical gap exceeds published bound
odd_window_2_width ['0.000000000000500000000000', '0.000000000000500000000000']
odd_window_2_tail_profile_payment ['41.000000000000000000000000', '41.000000000000000000000000']
odd_window_2_effective_tail_floor ['0.441152756029789515015935', '0.441152756029789515015936']
odd_window_2_remaining_profile_floor ['0.034630954096877654100723', '0.034630954096877654100724']
odd_window_2_low_inverse_trace_reserve ['0.000000000473201436175448', '0.000000000473201436175449']
odd_window_2_dual_log_squared ['1129.666658820846078517828487', '1129.666658820846078517828488']
odd_window_2_dual_log_constant_mixed ['-10453.225749718937270850644452', '-10453.225749718937270850644451']
odd_window_2_dual_constant_squared ['104651.484799127192126539838600', '104651.484799127192126539838601']
odd_window_2_integrated_main_energy ['0.000000242980275186427603', '0.000000242980275186427604']
odd_window_2_pointwise_remainder_upper ['0.000005852597321582540539', '0.000005852597321582540540']
odd_window_2_integrated_remainder_energy ['0.000000000000036192721312', '0.000000000000036192721313']
odd_window_2_adaptive_low_profile_relative_loss ['0.000007021691190197060224', '0.000007021691190197060225']
odd_window_2_comparison_inverse_shear_squared ['55.188558142550495510835108', '55.188558142550495510835109']
odd_window_2_physical_gap_lower ['0.000000000001429034475705', '0.000000000001429034475706']
odd_window_2_published_physical_gap ['0.000000000001000000000000', '0.000000000001000000000000']
PASS ca3849a 88 checks complete inherited chain and hashes reproduce
TOTAL 71 NEW EXACT CHECKS PASS
BLOCK-ADAPTIVE-ALL-PARITY-MILLIONFOLD-WINDOW-CLOSED
