{
  "status": "LOCAL_ALL_PARITY_RESERVE_ROUNDING_PASS",
  "physical_reserve_exact": "3/250000000000000000000000000000",
  "physical_reserve_decimal": "1.2e-29",
  "defect_reserve_from_common_physical_exact": "3/2875000000000000000000000000003",
  "defect_reserve_rounded_exact": "1/1000000000000000000000000000000",
  "defect_reserve_decimal": "1e-30",
  "endpoint": "A8=log(8)/2",
  "derived_chamber_scope": "1 <= A <= A8 via raw isometric compression",
  "proof_status": "AUTHOR_DERIVED_LOCAL / EXTERNAL_REVIEW_OPEN",
  "repository_status_promotion": false,
  "reserve_results_sha256": "4c0cedf905d500d9c7d747afe544860d6a1c03698879655d4e68324714b49d17",
  "checker_sha256": "bc8a2a3b2a2b7aa4abf6105b69cf6586aacc3980ee7f40a0740115dd65ded5b1",
  "parities": {
    "even": {
      "all_191_saved_pivot_lower_endpoints_positive": true,
      "physical_lower_endpoint_exceeds_common_rational": true,
      "defect_lower_endpoint_exceeds_1e_minus_30": true
    },
    "odd": {
      "all_191_saved_pivot_lower_endpoints_positive": true,
      "physical_lower_endpoint_exceeds_common_rational": true,
      "defect_lower_endpoint_exceeds_1e_minus_30": true
    }
  }
}
