27 exact rational checks PASS
PASS log2_lower_6931e4
PASS log2_upper_6932e4
PASS prime2_active
PASS e_upper_11_4
PASS prime3_inactive_via_log3_gt_1
PASS L_below_4_5
PASS kernel_lower_polynomial
PASS kernel_upper_polynomial_left
PASS kernel_upper_polynomial_right
PASS exp_tail_range
PASS gamma_upper_5773e4
PASS center_rho_floor
PASS prime2_endband_leak_gt_half
PASS w2_lt_half_proxy
PASS cosh_moment_ratio_lt_1_50
PASS sinh_moment_ratio_lt_1_150
PASS lambda0
PASS lambda1
PASS lambda2
PASS higher_modes_positive
PASS even_row_sq
PASS odd_row_below_even
PASS B_contractive
PASS final_gap_exact
PASS final_gap_gt_1_5000
PASS a_193_500_above_19_50
PASS a_193_500_below_reported_scalar_crossing_3869e4
