PASS: 69/100 < log 2 < 7/10
PASS: log 3 > 1: only Prime 2 is active on length 3/4
PASS: one active shift, with disjoint endpoint bands
PASS: the original fixed Prime-2 pair lies inside the new interval
PASS: w2 < 1/2
PASS: geometric sinh(t)/t majorant coefficient
PASS: uniform polynomial margin for h(t) > 1/(2t) + 1/5
PASS: convex exponential bound for h(t) < 1/(2t) + 1/3
PASS: gamma < H400-log400 < 579/1000
PASS: log(33/14) < 429/500
PASS: central exterior reserve > -3249/2000 > -13/8
PASS: pi < 22/7 gives the correct logarithmic ratio
PASS: L-log2 < 3/50
PASS: endpoint leakage logarithmic ratio
PASS: log(375/112) > 6/5
PASS: endpoint leakage gain > 167/300 > w2
PASS: positive vertex weight V > 1/2000
PASS: cosh(x/2)-1 < 1/50 on the full interval
PASS: sinh(x/2)/(x/2)-1 < 1/150
PASS: constant-kernel complete-graph energy coefficient
PASS: exact negative first-mode coefficient
PASS: high-mode weights H_n-59/40
PASS: smallest high-mode weight is 1/40
PASS: even moment row norm squared < 13/500
PASS: odd moment row is smaller; parities are orthogonal
PASS: rank-two contraction has norm < 1/6
PASS: full connected NULLPOL lower bound > 1/50
PASS: polynomial regression A P_0 = H_0 P_0
PASS: polynomial regression A P_1 = H_1 P_1
PASS: polynomial regression A P_2 = H_2 P_2
PASS: polynomial regression A P_3 = H_3 P_3
PASS: polynomial regression A P_4 = H_4 P_4
PASS: polynomial regression A P_5 = H_5 P_5
PASS: polynomial regression A P_6 = H_6 P_6
PASS: polynomial regression A P_7 = H_7 P_7
PASS: polynomial regression A P_8 = H_8 P_8
PASS: polynomial regression A P_9 = H_9 P_9
PASS: polynomial regression A P_10 = H_10 P_10
PASS: polynomial regression A P_11 = H_11 P_11
PASS: polynomial regression A P_12 = H_12 P_12
TOTAL: 40 exact scalar/algebra checks PASS
The analytic infinite-dimensional proof is in X_C1_CONNECTED_MOMENT_FACTORIZATION.md.
No A1 replay, no CI claim, no independent review, no full-unit-window claim.
