PASS current-head C2 node-floor branch active on full a-bracket (0.052043622165084596, 0.05205071266876854)
PASS lower reduced tail D > 0 (0.479934262193199, 0.479934262193199)
PASS lower Schur pivot > 0 (0.0021262619215382432, 0.0021262619215382432)
PASS lower Schur pivot < D (-0.47780800027166076, -0.47780800027166076)
PASS lower endpoint fixed split G > 1/1,500,000 (7.658048371118236e-07, 7.658048371118236e-07)
PASS lower endpoint odd gap > 1/4 (0.2765015970509577, 0.2765015970509577)
PASS Fmax increasing on s<=0.15 (0.011828918608127336, 0.011828918608127336)
PASS Fmax(0.15)<0 (-0.0003435046387096417, -0.0003435046387096417)
PASS Fmax decreasing on s>=0.7 (-0.03350533730329995, -0.03350533730329995)
PASS Fmax(0.7)<0 (-0.0003420796002270005, -0.0003420796002270005)
PASS sigma<D for all theta on central s-strip -0.4215376776591403
PASS central strip D >= 1.1m (IV(0.42154364374982983,0.42154364374982983), IV(0.31519026677042122,0.31519026677042122))
PASS sigma<0 for theta<=0.55 on central strip -0.0008697423463698491
PASS sigma<D throughout central rectangle -0.4205511654943066
PASS G_ss<0 throughout central rectangle -0.004549634495242143
PASS Hessian determinant >0 throughout central rectangle 0.00037449229921689327
PASS concavity tangent upper < -1/4,000,000 -3.783572839844512e-07
PASS G_theta(s,0.95)<0 -0.05505679263760661
PASS eta_theta_theta<0 for theta>=0.95 -0.06534667757939866
PASS upper endpoint odd gap >1/4 (0.2764961803590105, 0.2764961803590105)
TOTAL 20
LOW_G 7.658048371118236e-07 7.658048371118236e-07
UP_TANGENT -3.783572839844512e-07
WORST_GSS -0.004549634495242143 WORST_DET 0.00037449229921689327
MAX_Gt95 -0.05505679263760661 MAX_COND -0.06534667757939866
